Component: Arm Compiler for Embedded 6.19 Tool: armlink [5e73cb00]

==============================================================================

Section Cross References

    init_gpio.o(.ARM.exidx.text.stm32_GpioSetup) refers to init_gpio.o(.text.stm32_GpioSetup) for [Anonymous Symbol]
    init_timer.o(.ARM.exidx.text.stm32_TimerSetup) refers to init_timer.o(.text.stm32_TimerSetup) for [Anonymous Symbol]
    main.o(.text.main) refers to init_timer.o(.text.stm32_TimerSetup) for stm32_TimerSetup
    main.o(.text.main) refers to init_gpio.o(.text.stm32_GpioSetup) for stm32_GpioSetup
    main.o(.text.main) refers to system_stm32f10x.o(.text.SystemInit) for SystemInit
    main.o(.text.main) refers to delay_f103.o(.text.TIM2_Config) for TIM2_Config
    main.o(.text.main) refers to uart.o(.text.Uart2Config) for Uart2Config
    main.o(.text.main) refers to main.o(.rodata.str1.1) for .L.str
    main.o(.text.main) refers to uart.o(.text.UART2_SendString) for UART2_SendString
    main.o(.text.main) refers to uart.o(.text.UART2_GetChar) for UART2_GetChar
    main.o(.text.main) refers to uart.o(.text.UART2_SendChar) for UART2_SendChar
    main.o(.text.main) refers to sscanf.o(.text) for sscanf
    main.o(.text.main) refers to uart.o(.text.handlePercentageInput) for handlePercentageInput
    main.o(.text.main) refers to uart.o(.text.handleRawInput) for handleRawInput
    main.o(.ARM.exidx.text.main) refers to main.o(.text.main) for [Anonymous Symbol]
    uart.o(.ARM.exidx.text.Uart2Config) refers to uart.o(.text.Uart2Config) for [Anonymous Symbol]
    uart.o(.ARM.exidx.text.UART2_SendChar) refers to uart.o(.text.UART2_SendChar) for [Anonymous Symbol]
    uart.o(.text.UART2_SendString) refers to uart.o(.text.UART2_SendChar) for UART2_SendChar
    uart.o(.ARM.exidx.text.UART2_SendString) refers to uart.o(.text.UART2_SendString) for [Anonymous Symbol]
    uart.o(.ARM.exidx.text.UART2_GetChar) refers to uart.o(.text.UART2_GetChar) for [Anonymous Symbol]
    uart.o(.text.handleRawInput) refers to uart.o(.rodata.str1.1) for .L.str
    uart.o(.text.handleRawInput) refers to uart.o(.text.UART2_SendString) for UART2_SendString
    uart.o(.text.handleRawInput) refers to sprintf.o(.text) for sprintf
    uart.o(.ARM.exidx.text.handleRawInput) refers to uart.o(.text.handleRawInput) for [Anonymous Symbol]
    uart.o(.text.handlePercentageInput) refers to uart.o(.rodata.str1.1) for .L.str.3
    uart.o(.text.handlePercentageInput) refers to uart.o(.text.UART2_SendString) for UART2_SendString
    uart.o(.text.handlePercentageInput) refers to dflt_clz.o(x$fpl$dflt) for __aeabi_i2d
    uart.o(.text.handlePercentageInput) refers to ddiv.o(x$fpl$ddiv) for __aeabi_ddiv
    uart.o(.text.handlePercentageInput) refers to dmul.o(x$fpl$dmul) for __aeabi_dmul
    uart.o(.text.handlePercentageInput) refers to daddsub_clz.o(x$fpl$dadd) for __aeabi_dadd
    uart.o(.text.handlePercentageInput) refers to dfix.o(x$fpl$dfix) for __aeabi_d2iz
    uart.o(.text.handlePercentageInput) refers to sprintf.o(.text) for sprintf
    uart.o(.ARM.exidx.text.handlePercentageInput) refers to uart.o(.text.handlePercentageInput) for [Anonymous Symbol]
    delay_f103.o(.ARM.exidx.text.TIM2_Config) refers to delay_f103.o(.text.TIM2_Config) for [Anonymous Symbol]
    delay_f103.o(.ARM.exidx.text.Delay_us) refers to delay_f103.o(.text.Delay_us) for [Anonymous Symbol]
    delay_f103.o(.text.Delay_ms) refers to delay_f103.o(.text.Delay_us) for Delay_us
    delay_f103.o(.ARM.exidx.text.Delay_ms) refers to delay_f103.o(.text.Delay_ms) for [Anonymous Symbol]
    startup_stm32f10x_md.o(STACK) refers (Special) to heapauxi.o(.text) for __use_two_region_memory
    startup_stm32f10x_md.o(HEAP) refers (Special) to heapauxi.o(.text) for __use_two_region_memory
    startup_stm32f10x_md.o(RESET) refers (Special) to heapauxi.o(.text) for __use_two_region_memory
    startup_stm32f10x_md.o(RESET) refers to startup_stm32f10x_md.o(STACK) for __initial_sp
    startup_stm32f10x_md.o(RESET) refers to startup_stm32f10x_md.o(.text) for Reset_Handler
    startup_stm32f10x_md.o(.text) refers (Special) to heapauxi.o(.text) for __use_two_region_memory
    startup_stm32f10x_md.o(.text) refers to system_stm32f10x.o(.text.SystemInit) for SystemInit
    startup_stm32f10x_md.o(.text) refers to __main.o(!!!main) for __main
    startup_stm32f10x_md.o(.text) refers to startup_stm32f10x_md.o(HEAP) for Heap_Mem
    startup_stm32f10x_md.o(.text) refers to startup_stm32f10x_md.o(STACK) for Stack_Mem
    system_stm32f10x.o(.text.SystemInit) refers to system_stm32f10x.o(.text.SetSysClock) for SetSysClock
    system_stm32f10x.o(.ARM.exidx.text.SystemInit) refers to system_stm32f10x.o(.text.SystemInit) for [Anonymous Symbol]
    system_stm32f10x.o(.text.SetSysClock) refers to system_stm32f10x.o(.text.SetSysClockTo72) for SetSysClockTo72
    system_stm32f10x.o(.ARM.exidx.text.SetSysClock) refers to system_stm32f10x.o(.text.SetSysClock) for [Anonymous Symbol]
[...]
    .ARM.Collect$$_printf_percent$$00000010  0x080001a2   Section        6  _printf_llo.o(.ARM.Collect$$_printf_percent$$00000010)
    .ARM.Collect$$_printf_percent$$00000011  0x080001a8   Section        6  _printf_llx.o(.ARM.Collect$$_printf_percent$$00000011)
    .ARM.Collect$$_printf_percent$$00000012  0x080001ae   Section       10  _printf_l.o(.ARM.Collect$$_printf_percent$$00000012)
    .ARM.Collect$$_printf_percent$$00000013  0x080001b8   Section        6  _printf_c.o(.ARM.Collect$$_printf_percent$$00000013)
    .ARM.Collect$$_printf_percent$$00000014  0x080001be   Section        6  _printf_s.o(.ARM.Collect$$_printf_percent$$00000014)
    .ARM.Collect$$_printf_percent$$00000015  0x080001c4   Section        6  _printf_lc.o(.ARM.Collect$$_printf_percent$$00000015)
    .ARM.Collect$$_printf_percent$$00000016  0x080001ca   Section        6  _printf_ls.o(.ARM.Collect$$_printf_percent$$00000016)
    .ARM.Collect$$_printf_percent$$00000017  0x080001d0   Section        4  _printf_percent_end.o(.ARM.Collect$$_printf_percent$$00000017)
    .ARM.Collect$$libinit$$00000000          0x080001d4   Section        2  libinit.o(.ARM.Collect$$libinit$$00000000)
    .ARM.Collect$$libinit$$00000002          0x080001d6   Section        0  libinit2.o(.ARM.Collect$$libinit$$00000002)
    .ARM.Collect$$libinit$$00000004          0x080001d6   Section        0  libinit2.o(.ARM.Collect$$libinit$$00000004)
    .ARM.Collect$$libinit$$00000006          0x080001d6   Section        0  libinit2.o(.ARM.Collect$$libinit$$00000006)
    .ARM.Collect$$libinit$$0000000C          0x080001d6   Section        0  libinit2.o(.ARM.Collect$$libinit$$0000000C)
    .ARM.Collect$$libinit$$0000000E          0x080001d6   Section        0  libinit2.o(.ARM.Collect$$libinit$$0000000E)
    .ARM.Collect$$libinit$$00000010          0x080001d6   Section        0  libinit2.o(.ARM.Collect$$libinit$$00000010)
    .ARM.Collect$$libinit$$00000011          0x080001d6   Section        6  libinit2.o(.ARM.Collect$$libinit$$00000011)
    .ARM.Collect$$libinit$$00000013          0x080001dc   Section        0  libinit2.o(.ARM.Collect$$libinit$$00000013)
    .ARM.Collect$$libinit$$00000014          0x080001dc   Section       12  libinit2.o(.ARM.Collect$$libinit$$00000014)
    .ARM.Collect$$libinit$$00000015          0x080001e8   Section        0  libinit2.o(.ARM.Collect$$libinit$$00000015)
    .ARM.Collect$$libinit$$00000017          0x080001e8   Section        0  libinit2.o(.ARM.Collect$$libinit$$00000017)
    .ARM.Collect$$libinit$$00000018          0x080001e8   Section       10  libinit2.o(.ARM.Collect$$libinit$$00000018)
    .ARM.Collect$$libinit$$00000019          0x080001f2   Section        0  libinit2.o(.ARM.Collect$$libinit$$00000019)
    .ARM.Collect$$libinit$$0000001B          0x080001f2   Section        0  libinit2.o(.ARM.Collect$$libinit$$0000001B)
    .ARM.Collect$$libinit$$0000001D          0x080001f2   Section        0  libinit2.o(.ARM.Collect$$libinit$$0000001D)
    .ARM.Collect$$libinit$$0000001F          0x080001f2   Section        0  libinit2.o(.ARM.Collect$$libinit$$0000001F)
    .ARM.Collect$$libinit$$00000021          0x080001f2   Section        0  libinit2.o(.ARM.Collect$$libinit$$00000021)
    .ARM.Collect$$libinit$$00000023          0x080001f2   Section        0  libinit2.o(.ARM.Collect$$libinit$$00000023)
    .ARM.Collect$$libinit$$00000025          0x080001f2   Section        0  libinit2.o(.ARM.Collect$$libinit$$00000025)
    .ARM.Collect$$libinit$$00000027          0x080001f2   Section        0  libinit2.o(.ARM.Collect$$libinit$$00000027)
    .ARM.Collect$$libinit$$0000002E          0x080001f2   Section        0  libinit2.o(.ARM.Collect$$libinit$$0000002E)
    .ARM.Collect$$libinit$$00000030          0x080001f2   Section        0  libinit2.o(.ARM.Collect$$libinit$$00000030)
    .ARM.Collect$$libinit$$00000032          0x080001f2   Section        0  libinit2.o(.ARM.Collect$$libinit$$00000032)
    .ARM.Collect$$libinit$$00000034          0x080001f2   Section        0  libinit2.o(.ARM.Collect$$libinit$$00000034)
    .ARM.Collect$$libinit$$00000035          0x080001f2   Section        2  libinit2.o(.ARM.Collect$$libinit$$00000035)
    .ARM.Collect$$libshutdown$$00000000      0x080001f4   Section        2  libshutdown.o(.ARM.Collect$$libshutdown$$00000000)
    .ARM.Collect$$libshutdown$$00000002      0x080001f6   Section        0  libshutdown2.o(.ARM.Collect$$libshutdown$$00000002)
    .ARM.Collect$$libshutdown$$00000004      0x080001f6   Section        0  libshutdown2.o(.ARM.Collect$$libshutdown$$00000004)
    .ARM.Collect$$libshutdown$$00000007      0x080001f6   Section        0  libshutdown2.o(.ARM.Collect$$libshutdown$$00000007)
    .ARM.Collect$$libshutdown$$0000000A      0x080001f6   Section        0  libshutdown2.o(.ARM.Collect$$libshutdown$$0000000A)
    .ARM.Collect$$libshutdown$$0000000C      0x080001f6   Section        0  libshutdown2.o(.ARM.Collect$$libshutdown$$0000000C)
    .ARM.Collect$$libshutdown$$0000000F      0x080001f6   Section        0  libshutdown2.o(.ARM.Collect$$libshutdown$$0000000F)
    .ARM.Collect$$libshutdown$$00000010      0x080001f6   Section        2  libshutdown2.o(.ARM.Collect$$libshutdown$$00000010)
    .ARM.Collect$$rtentry$$00000000          0x080001f8   Section        0  __rtentry.o(.ARM.Collect$$rtentry$$00000000)
    .ARM.Collect$$rtentry$$00000002          0x080001f8   Section        0  __rtentry2.o(.ARM.Collect$$rtentry$$00000002)
    .ARM.Collect$$rtentry$$00000004          0x080001f8   Section        6  __rtentry4.o(.ARM.Collect$$rtentry$$00000004)
    .ARM.Collect$$rtentry$$00000009          0x080001fe   Section        0  __rtentry2.o(.ARM.Collect$$rtentry$$00000009)
    .ARM.Collect$$rtentry$$0000000A          0x080001fe   Section        4  __rtentry2.o(.ARM.Collect$$rtentry$$0000000A)
    .ARM.Collect$$rtentry$$0000000C          0x08000202   Section        0  __rtentry2.o(.ARM.Collect$$rtentry$$0000000C)
    .ARM.Collect$$rtentry$$0000000D          0x08000202   Section        8  __rtentry2.o(.ARM.Collect$$rtentry$$0000000D)
    .ARM.Collect$$rtexit$$00000000           0x0800020a   Section        2  rtexit.o(.ARM.Collect$$rtexit$$00000000)
    .ARM.Collect$$rtexit$$00000002           0x0800020c   Section        0  rtexit2.o(.ARM.Collect$$rtexit$$00000002)
    .ARM.Collect$$rtexit$$00000003           0x0800020c   Section        4  rtexit2.o(.ARM.Collect$$rtexit$$00000003)
    .ARM.Collect$$rtexit$$00000004           0x08000210   Section        6  rtexit2.o(.ARM.Collect$$rtexit$$00000004)
    .text                                    0x08000218   Section       64  startup_stm32f10x_md.o(.text)
    .text                                    0x08000258   Section        0  sprintf.o(.text)
    .text                                    0x08000284   Section        0  sscanf.o(.text)
    .text                                    0x080002c0   Section        0  heapauxi.o(.text)
    .text                                    0x080002c6   Section        0  _printf_pad.o(.text)
    .text                                    0x08000314   Section        0  _printf_truncate.o(.text)
    .text                                    0x08000338   Section        0  _printf_str.o(.text)
    .text                                    0x0800038c   Section        0  _printf_dec.o(.text)
    .text                                    0x08000404   Section        0  _printf_charcount.o(.text)
    _printf_input_char                       0x0800042d   Thumb Code    10  _printf_char_common.o(.text)
    .text                                    0x0800042c   Section        0  _printf_char_common.o(.text)
    .text                                    0x0800045c   Section        0  _sputc.o(.text)
    .text                                    0x08000468   Section        0  _printf_wctomb.o(.text)
    .text                                    0x08000524   Section        0  _printf_longlong_dec.o(.text)
    _printf_longlong_oct_internal            0x080005a1   Thumb Code     0  _printf_oct_int_ll.o(.text)
    .text                                    0x080005a0   Section        0  _printf_oct_int_ll.o(.text)
    _printf_hex_common                       0x08000611   Thumb Code     0  _printf_hex_int_ll_ptr.o(.text)
    .text                                    0x08000610   Section        0  _printf_hex_int_ll_ptr.o(.text)
    .text                                    0x080006a4   Section        0  __printf_flags_ss_wp.o(.text)
    .text                                    0x0800082c   Section        0  _scanf_longlong.o(.text)
    .text                                    0x08000982   Section        0  _scanf_int.o(.text)
    .text                                    0x08000ace   Section        0  _scanf_str.o(.text)
    _scanf_char_input                        0x08000bb1   Thumb Code    12  scanf_char.o(.text)
    .text                                    0x08000bb0   Section        0  scanf_char.o(.text)
    .text                                    0x08000bdc   Section        0  _sgetc.o(.text)
    .text                                    0x08000c1c   Section        0  _scanf_mbtowc.o(.text)
    .text                                    0x08000d30   Section        0  _scanf_wctomb.o(.text)
    .text                                    0x08000e18   Section        0  _scanf_wstr.o(.text)
    .text                                    0x08000ee8   Section      138  lludiv10.o(.text)
    .text                                    0x08000f72   Section        0  isspace.o(.text)
    .text                                    0x08000f84   Section        0  _printf_intcommon.o(.text)
    _fp_digits                               0x08001037   Thumb Code   432  _printf_fp_dec.o(.text)
    .text                                    0x08001036   Section        0  _printf_fp_dec.o(.text)
    .text                                    0x08001454   Section        0  _printf_fp_hex.o(.text)
    .text                                    0x08001750   Section        0  _printf_char.o(.text)
    .text                                    0x0800177c   Section        0  _printf_wchar.o(.text)
    .text                                    0x080017a8   Section        0  _chval.o(.text)
    .text                                    0x080017c4   Section        0  _scanf.o(.text)
    _fp_value                                0x08001b39   Thumb Code   588  scanf_fp.o(.text)
    .text                                    0x08001b38   Section        0  scanf_fp.o(.text)
    .text                                    0x08002030   Section        0  _scanf_wcharmap.o(.text)
    .text                                    0x0800204e   Section        0  _mbrtoc16.o(.text)
    .text                                    0x0800208e   Section        0  _c16rtomb.o(.text)
    .text                                    0x080020d6   Section       74  sys_stackheap_outer.o(.text)
    .text                                    0x08002120   Section       16  rt_ctype_table.o(.text)
    .text                                    0x08002130   Section        8  rt_locale_intlibspace.o(.text)
    .text                                    0x08002138   Section        8  rt_errno_addr_intlibspace.o(.text)
    .text                                    0x08002140   Section       38  llshl.o(.text)
    .text                                    0x08002168   Section        0  _printf_fp_infnan.o(.text)
    .text                                    0x080021e8   Section        0  bigflt0.o(.text)
    .text                                    0x080022cc   Section        0  exit.o(.text)
    .text                                    0x080022e0   Section        8  libspace.o(.text)
    .text                                    0x080022e8   Section        0  _rserrno.o(.text)
    .text                                    0x08002300   Section        0  scanf_hexfp.o(.text)
    .text                                    0x08002620   Section        0  scanf_infnan.o(.text)
    .text                                    0x08002754   Section      128  strcmpv7m.o(.text)
    .text                                    0x080027d4   Section        0  sys_exit.o(.text)
    .text                                    0x080027e0   Section        2  use_no_semi.o(.text)
    .text                                    0x080027e2   Section        0  indicate_semi.o(.text)
    SetSysClock                              0x080027e5   Thumb Code     8  system_stm32f10x.o(.text.SetSysClock)
    [Anonymous Symbol]                       0x080027e4   Section        0  system_stm32f10x.o(.text.SetSysClock)
    SetSysClockTo72                          0x080027ed   Thumb Code   290  system_stm32f10x.o(.text.SetSysClockTo72)
    [Anonymous Symbol]                       0x080027ec   Section        0  system_stm32f10x.o(.text.SetSysClockTo72)
    [Anonymous Symbol]                       0x08002910   Section        0  system_stm32f10x.o(.text.SystemInit)
    [Anonymous Symbol]                       0x08002978   Section        0  delay_f103.o(.text.TIM2_Config)
    [Anonymous Symbol]                       0x080029c0   Section        0  uart.o(.text.UART2_GetChar)
    [Anonymous Symbol]                       0x080029f0   Section        0  uart.o(.text.UART2_SendChar)
    [Anonymous Symbol]                       0x08002a20   Section        0  uart.o(.text.UART2_SendString)
    [Anonymous Symbol]                       0x08002a44   Section        0  uart.o(.text.Uart2Config)
    [Anonymous Symbol]                       0x08002acc   Section        0  uart.o(.text.handlePercentageInput)
    [Anonymous Symbol]                       0x08002b5c   Section        0  uart.o(.text.handleRawInput)
    [Anonymous Symbol]                       0x08002bbc   Section        0  main.o(.text.main)
    [Anonymous Symbol]                       0x08002c60   Section        0  init_gpio.o(.text.stm32_GpioSetup)
    [Anonymous Symbol]                       0x08002c84   Section        0  init_timer.o(.text.stm32_TimerSetup)
    CL$$btod_d2e                             0x08002d5a   Section       62  btod.o(CL$$btod_d2e)
    CL$$btod_d2e_denorm_low                  0x08002d98   Section       70  btod.o(CL$$btod_d2e_denorm_low)
    CL$$btod_d2e_norm_op1                    0x08002dde   Section       96  btod.o(CL$$btod_d2e_norm_op1)
    CL$$btod_div_common                      0x08002e40   Section      824  btod.o(CL$$btod_div_common)
    CL$$btod_e2d                             0x08003178   Section      132  btod.o(CL$$btod_e2d)
    CL$$btod_e2e                             0x080031fc   Section      220  btod.o(CL$$btod_e2e)
    CL$$btod_ediv                            0x080032d8   Section       42  btod.o(CL$$btod_ediv)
    CL$$btod_edivd                           0x08003302   Section       42  btod.o(CL$$btod_edivd)
    CL$$btod_emul                            0x0800332c   Section       42  btod.o(CL$$btod_emul)
    CL$$btod_emuld                           0x08003356   Section       42  btod.o(CL$$btod_emuld)
    CL$$btod_mult_common                     0x08003380   Section      580  btod.o(CL$$btod_mult_common)
    i.__ARM_fpclassify                       0x080035c4   Section        0  fpclassify.o(i.__ARM_fpclassify)
    i.__mathlib_dbl_overflow                 0x080035ec   Section        0  dunder.o(i.__mathlib_dbl_overflow)
    i.__mathlib_dbl_underflow                0x080035fc   Section        0  dunder.o(i.__mathlib_dbl_underflow)
    i.__mathlib_narrow                       0x0800360c   Section        0  narrow.o(i.__mathlib_narrow)
    i.__mathlib_tofloat                      0x0800361c   Section        0  narrow.o(i.__mathlib_tofloat)
    i.__support_ldexp                        0x080036d8   Section        0  ldexp.o(i.__support_ldexp)
    i._is_digit                              0x080036ee   Section        0  __printf_wp.o(i._is_digit)
    i.frexp                                  0x080036fc   Section        0  frexp.o(i.frexp)
    i.ldexp                                  0x08003754   Section        0  ldexp.o(i.ldexp)
    locale$$code                             0x080037c8   Section       44  lc_numeric_c.o(locale$$code)
    locale$$code                             0x080037f4   Section       44  lc_ctype_c.o(locale$$code)
    x$fpl$d2f                                0x08003820   Section       98  d2f.o(x$fpl$d2f)
    x$fpl$dadd                               0x08003884   Section      336  daddsub_clz.o(x$fpl$dadd)
    _dadd1                                   0x08003895   Thumb Code     0  daddsub_clz.o(x$fpl$dadd)
    x$fpl$dcheck1                            0x080039d4   Section       16  dcheck1.o(x$fpl$dcheck1)
    x$fpl$dcmpinf                            0x080039e4   Section       24  dcmpi.o(x$fpl$dcmpinf)
    x$fpl$ddiv                               0x080039fc   Section      692  ddiv.o(x$fpl$ddiv)
    ddiv_entry                               0x08003a03   Thumb Code     0  ddiv.o(x$fpl$ddiv)
    x$fpl$deqf                               0x08003cb0   Section      120  deqf.o(x$fpl$deqf)
    x$fpl$dfix                               0x08003d28   Section       94  dfix.o(x$fpl$dfix)
    x$fpl$dflt                               0x08003d86   Section       46  dflt_clz.o(x$fpl$dflt)
    x$fpl$dleqf                              0x08003db4   Section      120  dleqf.o(x$fpl$dleqf)
    x$fpl$dmul                               0x08003e2c   Section      340  dmul.o(x$fpl$dmul)
    x$fpl$dnaninf                            0x08003f80   Section      156  dnaninf.o(x$fpl$dnaninf)
    x$fpl$dretinf                            0x0800401c   Section       12  dretinf.o(x$fpl$dretinf)
    x$fpl$drleqf                             0x08004028   Section      108  drleqf.o(x$fpl$drleqf)
    x$fpl$dsub                               0x08004094   Section      476  daddsub_clz.o(x$fpl$dsub)
    _dsub1                                   0x080040a5   Thumb Code     0  daddsub_clz.o(x$fpl$dsub)
    x$fpl$fretinf                            0x08004270   Section       10  fretinf.o(x$fpl$fretinf)
    x$fpl$ieeestatus                         0x0800427a   Section        6  istatus.o(x$fpl$ieeestatus)
    x$fpl$printf1                            0x08004280   Section        4  printf1.o(x$fpl$printf1)
    x$fpl$printf2                            0x08004284   Section        4  printf2.o(x$fpl$printf2)
    x$fpl$retnan                             0x08004288   Section      100  retnan.o(x$fpl$retnan)
    x$fpl$scalbn                             0x080042ec   Section       92  scalbn.o(x$fpl$scalbn)
    x$fpl$scanf1                             0x08004348   Section        4  scanf1.o(x$fpl$scanf1)
    x$fpl$scanf2                             0x0800434c   Section        8  scanf2.o(x$fpl$scanf2)
    x$fpl$trapveneer                         0x08004354   Section       48  trapv.o(x$fpl$trapveneer)
    initial_mbstate                          0x08004384   Data           8  _printf_wctomb.o(.constdata)
    .constdata                               0x08004384   Section        8  _printf_wctomb.o(.constdata)
    x$fpl$usenofp                            0x08004384   Section        0  usenofp.o(x$fpl$usenofp)
    uc_hextab                                0x0800438c   Data          20  _printf_hex_int_ll_ptr.o(.constdata)
    .constdata                               0x0800438c   Section       40  _printf_hex_int_ll_ptr.o(.constdata)
    lc_hextab                                0x080043a0   Data          20  _printf_hex_int_ll_ptr.o(.constdata)
    maptable                                 0x080043b4   Data          17  __printf_flags_ss_wp.o(.constdata)
    .constdata                               0x080043b4   Section       17  __printf_flags_ss_wp.o(.constdata)
    lc_hextab                                0x080043c5   Data          19  _printf_fp_hex.o(.constdata)
    .constdata                               0x080043c5   Section       38  _printf_fp_hex.o(.constdata)
    uc_hextab                                0x080043d8   Data          19  _printf_fp_hex.o(.constdata)
    tenpwrs_x                                0x080043ec   Data          60  bigflt0.o(.constdata)
    .constdata                               0x080043ec   Section      148  bigflt0.o(.constdata)
    tenpwrs_i                                0x08004428   Data          64  bigflt0.o(.constdata)
    .L.str.2                                 0x08004480   Data          24  main.o(.rodata.str1.1)
    [Anonymous Symbol]                       0x08004480   Section        0  main.o(.rodata.str1.1)
    .L.str                                   0x08004498   Data          61  main.o(.rodata.str1.1)
    .L.str.1                                 0x080044d5   Data           3  main.o(.rodata.str1.1)
    .L.str.3                                 0x080044d8   Data          47  uart.o(.rodata.str1.1)
    [Anonymous Symbol]                       0x080044d8   Section        0  uart.o(.rodata.str1.1)
    .L.str                                   0x08004507   Data          45  uart.o(.rodata.str1.1)
    .L.str.2                                 0x08004534   Data           4  uart.o(.rodata.str1.1)
    .L.str.1                                 0x08004538   Data          10  uart.o(.rodata.str1.1)
    c$$dinf                                  0x08004554   Section        8  fpconst.o(c$$dinf)
    c$$dmax                                  0x0800455c   Section        8  fpconst.o(c$$dmax)
    locale$$data                             0x08004564   Section       28  lc_numeric_c.o(locale$$data)
    __lcnum_c_name                           0x08004568   Data           2  lc_numeric_c.o(locale$$data)
    __lcnum_c_start                          0x08004570   Data           0  lc_numeric_c.o(locale$$data)
    __lcnum_c_point                          0x0800457c   Data           0  lc_numeric_c.o(locale$$data)
    __lcnum_c_thousands                      0x0800457e   Data           0  lc_numeric_c.o(locale$$data)
    __lcnum_c_grouping                       0x0800457f   Data           0  lc_numeric_c.o(locale$$data)
    __lcnum_c_end                            0x08004580   Data           0  lc_numeric_c.o(locale$$data)
    locale$$data                             0x08004580   Section      272  lc_ctype_c.o(locale$$data)
    __lcctype_c_name                         0x08004584   Data           2  lc_ctype_c.o(locale$$data)
    __lcctype_c_start                        0x0800458c   Data           0  lc_ctype_c.o(locale$$data)
    __lcctype_c_end                          0x08004690   Data           0  lc_ctype_c.o(locale$$data)
    .bss                                     0x20000000   Section       96  libspace.o(.bss)
    Heap_Mem                                 0x20000060   Data         512  startup_stm32f10x_md.o(HEAP)
    HEAP                                     0x20000060   Section      512  startup_stm32f10x_md.o(HEAP)
    Stack_Mem                                0x20000260   Data        1024  startup_stm32f10x_md.o(STACK)
    STACK                                    0x20000260   Section     1024  startup_stm32f10x_md.o(STACK)
    __initial_sp                             0x20000660   Data           0  startup_stm32f10x_md.o(STACK)

    Global Symbols

    Symbol Name                              Value     Ov Type        Size  Object(Section)

    BuildAttributes$$THM_ISAv4$P$D$K$B$S$PE$A:L22UL41UL21$X:L11$S22US41US21$IEEE1$IW$~IW$USESV6$~STKCKD$USESV7$~SHL$OTIME$ROPI$IEEEX$EBA8$UX$STANDARDLIB$REQ8$PRES8$EABIv2 0x00000000   Number         0  anon$$obj.o ABSOLUTE
    __fp_init_empty                          0x00000000   Number         0  fpinit_empty.o ABSOLUTE
    _printf_flags                            0x00000000   Number         0  printf_stubs.o ABSOLUTE
    _printf_return_value                     0x00000000   Number         0  printf_stubs.o ABSOLUTE
    _printf_sizespec                         0x00000000   Number         0  printf_stubs.o ABSOLUTE
    _printf_widthprec                        0x00000000   Number         0  printf_stubs.o ABSOLUTE
    __ARM_exceptions_init                     - Undefined Weak Reference
    __alloca_initialize                       - Undefined Weak Reference
    __arm_preinit_                            - Undefined Weak Reference
    __arm_relocate_pie_                       - Undefined Weak Reference
    __cpp_initialize__aeabi_                  - Undefined Weak Reference
    __cxa_finalize                            - Undefined Weak Reference
    __sigvec_lookup                           - Undefined Weak Reference
    _atexit_init                              - Undefined Weak Reference
    _call_atexit_fns                          - Undefined Weak Reference
    _clock_init                               - Undefined Weak Reference
    _fp_trap_init                             - Undefined Weak Reference
    _fp_trap_shutdown                         - Undefined Weak Reference
    _get_lc_collate                           - Undefined Weak Reference
    _get_lc_monetary                          - Undefined Weak Reference
    _get_lc_time                              - Undefined Weak Reference
    _getenv_init                              - Undefined Weak Reference
    _handle_redirection                       - Undefined Weak Reference
    _init_alloc                               - Undefined Weak Reference
    _init_user_alloc                          - Undefined Weak Reference
    _initio                                   - Undefined Weak Reference
    _printf_mbtowc                            - Undefined Weak Reference
    _printf_wc                                - Undefined Weak Reference
    _rand_init                                - Undefined Weak Reference
    _signal_finish                            - Undefined Weak Reference
    _signal_init                              - Undefined Weak Reference
    _terminate_alloc                          - Undefined Weak Reference
    _terminate_user_alloc                     - Undefined Weak Reference
    _terminateio                              - Undefined Weak Reference
    __Vectors_Size                           0x000000ec   Number         0  startup_stm32f10x_md.o ABSOLUTE
    __Vectors                                0x08000000   Data           4  startup_stm32f10x_md.o(RESET)
    __Vectors_End                            0x080000ec   Data           0  startup_stm32f10x_md.o(RESET)
    __main                                   0x080000ed   Thumb Code     8  __main.o(!!!main)
    __scatterload                            0x080000f5   Thumb Code     0  __scatter.o(!!!scatter)
    __scatterload_rt2                        0x080000f5   Thumb Code    44  __scatter.o(!!!scatter)
    __scatterload_rt2_thumb_only             0x080000f5   Thumb Code     0  __scatter.o(!!!scatter)
    __scatterload_null                       0x08000103   Thumb Code     0  __scatter.o(!!!scatter)
    __scatterload_zeroinit                   0x08000129   Thumb Code    28  __scatter_zi.o(!!handler_zi)
    _printf_n                                0x08000145   Thumb Code     0  _printf_n.o(.ARM.Collect$$_printf_percent$$00000001)
    _printf_percent                          0x08000145   Thumb Code     0  _printf_percent.o(.ARM.Collect$$_printf_percent$$00000000)
    _printf_p                                0x0800014b   Thumb Code     0  _printf_p.o(.ARM.Collect$$_printf_percent$$00000002)
    _printf_f                                0x08000151   Thumb Code     0  _printf_f.o(.ARM.Collect$$_printf_percent$$00000003)
    _printf_e                                0x08000157   Thumb Code     0  _printf_e.o(.ARM.Collect$$_printf_percent$$00000004)
    _printf_g                                0x0800015d   Thumb Code     0  _printf_g.o(.ARM.Collect$$_printf_percent$$00000005)
    _printf_a                                0x08000163   Thumb Code     0  _printf_a.o(.ARM.Collect$$_printf_percent$$00000006)
    _printf_ll                               0x08000169   Thumb Code     0  _printf_ll.o(.ARM.Collect$$_printf_percent$$00000007)
    _printf_i                                0x08000173   Thumb Code     0  _printf_i.o(.ARM.Collect$$_printf_percent$$00000008)
    _printf_d                                0x08000179   Thumb Code     0  _printf_d.o(.ARM.Collect$$_printf_percent$$00000009)
    _printf_u                                0x0800017f   Thumb Code     0  _printf_u.o(.ARM.Collect$$_printf_percent$$0000000A)
    _printf_o                                0x08000185   Thumb Code     0  _printf_o.o(.ARM.Collect$$_printf_percent$$0000000B)
    _printf_x                                0x0800018b   Thumb Code     0  _printf_x.o(.ARM.Collect$$_printf_percent$$0000000C)
    _printf_lli                              0x08000191   Thumb Code     0  _printf_lli.o(.ARM.Collect$$_printf_percent$$0000000D)
    _printf_lld                              0x08000197   Thumb Code     0  _printf_lld.o(.ARM.Collect$$_printf_percent$$0000000E)
    _printf_llu                              0x0800019d   Thumb Code     0  _printf_llu.o(.ARM.Collect$$_printf_percent$$0000000F)
    _printf_llo                              0x080001a3   Thumb Code     0  _printf_llo.o(.ARM.Collect$$_printf_percent$$00000010)
    _printf_llx                              0x080001a9   Thumb Code     0  _printf_llx.o(.ARM.Collect$$_printf_percent$$00000011)
    _printf_l                                0x080001af   Thumb Code     0  _printf_l.o(.ARM.Collect$$_printf_percent$$00000012)
    _printf_c                                0x080001b9   Thumb Code     0  _printf_c.o(.ARM.Collect$$_printf_percent$$00000013)
    _printf_s                                0x080001bf   Thumb Code     0  _printf_s.o(.ARM.Collect$$_printf_percent$$00000014)
    _printf_lc                               0x080001c5   Thumb Code     0  _printf_lc.o(.ARM.Collect$$_printf_percent$$00000015)
    _printf_ls                               0x080001cb   Thumb Code     0  _printf_ls.o(.ARM.Collect$$_printf_percent$$00000016)
    _printf_percent_end                      0x080001d1   Thumb Code     0  _printf_percent_end.o(.ARM.Collect$$_printf_percent$$00000017)
    __rt_lib_init                            0x080001d5   Thumb Code     0  libinit.o(.ARM.Collect$$libinit$$00000000)
    __rt_lib_init_fp_1                       0x080001d7   Thumb Code     0  libinit2.o(.ARM.Collect$$libinit$$00000002)
    __rt_lib_init_heap_1                     0x080001d7   Thumb Code     0  libinit2.o(.ARM.Collect$$libinit$$0000000C)
    __rt_lib_init_lc_common                  0x080001d7   Thumb Code     0  libinit2.o(.ARM.Collect$$libinit$$00000011)
    __rt_lib_init_preinit_1                  0x080001d7   Thumb Code     0  libinit2.o(.ARM.Collect$$libinit$$00000006)
    __rt_lib_init_rand_1                     0x080001d7   Thumb Code     0  libinit2.o(.ARM.Collect$$libinit$$00000010)
    __rt_lib_init_relocate_pie_1             0x080001d7   Thumb Code     0  libinit2.o(.ARM.Collect$$libinit$$00000004)
    __rt_lib_init_user_alloc_1               0x080001d7   Thumb Code     0  libinit2.o(.ARM.Collect$$libinit$$0000000E)
    __rt_lib_init_lc_collate_1               0x080001dd   Thumb Code     0  libinit2.o(.ARM.Collect$$libinit$$00000013)
    __rt_lib_init_lc_ctype_2                 0x080001dd   Thumb Code     0  libinit2.o(.ARM.Collect$$libinit$$00000014)
    __rt_lib_init_lc_ctype_1                 0x080001e9   Thumb Code     0  libinit2.o(.ARM.Collect$$libinit$$00000015)
    __rt_lib_init_lc_monetary_1              0x080001e9   Thumb Code     0  libinit2.o(.ARM.Collect$$libinit$$00000017)
    __rt_lib_init_lc_numeric_2               0x080001e9   Thumb Code     0  libinit2.o(.ARM.Collect$$libinit$$00000018)
    __rt_lib_init_alloca_1                   0x080001f3   Thumb Code     0  libinit2.o(.ARM.Collect$$libinit$$00000030)
    __rt_lib_init_argv_1                     0x080001f3   Thumb Code     0  libinit2.o(.ARM.Collect$$libinit$$0000002E)
    __rt_lib_init_atexit_1                   0x080001f3   Thumb Code     0  libinit2.o(.ARM.Collect$$libinit$$0000001D)
    __rt_lib_init_clock_1                    0x080001f3   Thumb Code     0  libinit2.o(.ARM.Collect$$libinit$$00000023)
    __rt_lib_init_cpp_1                      0x080001f3   Thumb Code     0  libinit2.o(.ARM.Collect$$libinit$$00000034)
    __rt_lib_init_exceptions_1               0x080001f3   Thumb Code     0  libinit2.o(.ARM.Collect$$libinit$$00000032)
    __rt_lib_init_fp_trap_1                  0x080001f3   Thumb Code     0  libinit2.o(.ARM.Collect$$libinit$$00000021)
    __rt_lib_init_getenv_1                   0x080001f3   Thumb Code     0  libinit2.o(.ARM.Collect$$libinit$$00000025)
    __rt_lib_init_lc_numeric_1               0x080001f3   Thumb Code     0  libinit2.o(.ARM.Collect$$libinit$$00000019)
    __rt_lib_init_lc_time_1                  0x080001f3   Thumb Code     0  libinit2.o(.ARM.Collect$$libinit$$0000001B)
    __rt_lib_init_return                     0x080001f3   Thumb Code     0  libinit2.o(.ARM.Collect$$libinit$$00000035)
    __rt_lib_init_signal_1                   0x080001f3   Thumb Code     0  libinit2.o(.ARM.Collect$$libinit$$0000001F)
    __rt_lib_init_stdio_1                    0x080001f3   Thumb Code     0  libinit2.o(.ARM.Collect$$libinit$$00000027)
    __rt_lib_shutdown                        0x080001f5   Thumb Code     0  libshutdown.o(.ARM.Collect$$libshutdown$$00000000)
    __rt_lib_shutdown_cpp_1                  0x080001f7   Thumb Code     0  libshutdown2.o(.ARM.Collect$$libshutdown$$00000002)
    __rt_lib_shutdown_fp_trap_1              0x080001f7   Thumb Code     0  libshutdown2.o(.ARM.Collect$$libshutdown$$00000007)
    __rt_lib_shutdown_heap_1                 0x080001f7   Thumb Code     0  libshutdown2.o(.ARM.Collect$$libshutdown$$0000000F)
    __rt_lib_shutdown_return                 0x080001f7   Thumb Code     0  libshutdown2.o(.ARM.Collect$$libshutdown$$00000010)
    __rt_lib_shutdown_signal_1               0x080001f7   Thumb Code     0  libshutdown2.o(.ARM.Collect$$libshutdown$$0000000A)
    __rt_lib_shutdown_stdio_1                0x080001f7   Thumb Code     0  libshutdown2.o(.ARM.Collect$$libshutdown$$00000004)
    __rt_lib_shutdown_user_alloc_1           0x080001f7   Thumb Code     0  libshutdown2.o(.ARM.Collect$$libshutdown$$0000000C)
    __rt_entry                               0x080001f9   Thumb Code     0  __rtentry.o(.ARM.Collect$$rtentry$$00000000)
    __rt_entry_presh_1                       0x080001f9   Thumb Code     0  __rtentry2.o(.ARM.Collect$$rtentry$$00000002)
    __rt_entry_sh                            0x080001f9   Thumb Code     0  __rtentry4.o(.ARM.Collect$$rtentry$$00000004)
    __rt_entry_li                            0x080001ff   Thumb Code     0  __rtentry2.o(.ARM.Collect$$rtentry$$0000000A)
    __rt_entry_postsh_1                      0x080001ff   Thumb Code     0  __rtentry2.o(.ARM.Collect$$rtentry$$00000009)
    __rt_entry_main                          0x08000203   Thumb Code     0  __rtentry2.o(.ARM.Collect$$rtentry$$0000000D)
    __rt_entry_postli_1                      0x08000203   Thumb Code     0  __rtentry2.o(.ARM.Collect$$rtentry$$0000000C)
    __rt_exit                                0x0800020b   Thumb Code     0  rtexit.o(.ARM.Collect$$rtexit$$00000000)
    __rt_exit_ls                             0x0800020d   Thumb Code     0  rtexit2.o(.ARM.Collect$$rtexit$$00000003)
    __rt_exit_prels_1                        0x0800020d   Thumb Code     0  rtexit2.o(.ARM.Collect$$rtexit$$00000002)
    __rt_exit_exit                           0x08000211   Thumb Code     0  rtexit2.o(.ARM.Collect$$rtexit$$00000004)
    Reset_Handler                            0x08000219   Thumb Code     8  startup_stm32f10x_md.o(.text)
    NMI_Handler                              0x08000221   Thumb Code     2  startup_stm32f10x_md.o(.text)
    HardFault_Handler                        0x08000223   Thumb Code     2  startup_stm32f10x_md.o(.text)
    MemManage_Handler                        0x08000225   Thumb Code     2  startup_stm32f10x_md.o(.text)
    BusFault_Handler                         0x08000227   Thumb Code     2  startup_stm32f10x_md.o(.text)
    UsageFault_Handler                       0x08000229   Thumb Code     2  startup_stm32f10x_md.o(.text)
    SVC_Handler                              0x0800022b   Thumb Code     2  startup_stm32f10x_md.o(.text)
    DebugMon_Handler                         0x0800022d   Thumb Code     2  startup_stm32f10x_md.o(.text)
    PendSV_Handler                           0x0800022f   Thumb Code     2  startup_stm32f10x_md.o(.text)
    SysTick_Handler                          0x08000231   Thumb Code     2  startup_stm32f10x_md.o(.text)
    ADC1_2_IRQHandler                        0x08000233   Thumb Code     0  startup_stm32f10x_md.o(.text)
    CAN1_RX1_IRQHandler                      0x08000233   Thumb Code     0  startup_stm32f10x_md.o(.text)
    CAN1_SCE_IRQHandler                      0x08000233   Thumb Code     0  startup_stm32f10x_md.o(.text)
    DMA1_Channel1_IRQHandler                 0x08000233   Thumb Code     0  startup_stm32f10x_md.o(.text)
    DMA1_Channel2_IRQHandler                 0x08000233   Thumb Code     0  startup_stm32f10x_md.o(.text)
    DMA1_Channel3_IRQHandler                 0x08000233   Thumb Code     0  startup_stm32f10x_md.o(.text)
    DMA1_Channel4_IRQHandler                 0x08000233   Thumb Code     0  startup_stm32f10x_md.o(.text)
    DMA1_Channel5_IRQHandler                 0x08000233   Thumb Code     0  startup_stm32f10x_md.o(.text)
    DMA1_Channel6_IRQHandler                 0x08000233   Thumb Code     0  startup_stm32f10x_md.o(.text)
    DMA1_Channel7_IRQHandler                 0x08000233   Thumb Code     0  startup_stm32f10x_md.o(.text)
    EXTI0_IRQHandler                         0x08000233   Thumb Code     0  startup_stm32f10x_md.o(.text)
    EXTI15_10_IRQHandler                     0x08000233   Thumb Code     0  startup_stm32f10x_md.o(.text)
    EXTI1_IRQHandler                         0x08000233   Thumb Code     0  startup_stm32f10x_md.o(.text)
    EXTI2_IRQHandler                         0x08000233   Thumb Code     0  startup_stm32f10x_md.o(.text)
    EXTI3_IRQHandler                         0x08000233   Thumb Code     0  startup_stm32f10x_md.o(.text)
    EXTI4_IRQHandler                         0x08000233   Thumb Code     0  startup_stm32f10x_md.o(.text)
    EXTI9_5_IRQHandler                       0x08000233   Thumb Code     0  startup_stm32f10x_md.o(.text)
    FLASH_IRQHandler                         0x08000233   Thumb Code     0  startup_stm32f10x_md.o(.text)
    I2C1_ER_IRQHandler                       0x08000233   Thumb Code     0  startup_stm32f10x_md.o(.text)
    I2C1_EV_IRQHandler                       0x08000233   Thumb Code     0  startup_stm32f10x_md.o(.text)
    I2C2_ER_IRQHandler                       0x08000233   Thumb Code     0  startup_stm32f10x_md.o(.text)
    I2C2_EV_IRQHandler                       0x08000233   Thumb Code     0  startup_stm32f10x_md.o(.text)
    PVD_IRQHandler                           0x08000233   Thumb Code     0  startup_stm32f10x_md.o(.text)
    RCC_IRQHandler                           0x08000233   Thumb Code     0  startup_stm32f10x_md.o(.text)
    RTCAlarm_IRQHandler                      0x08000233   Thumb Code     0  startup_stm32f10x_md.o(.text)
    RTC_IRQHandler                           0x08000233   Thumb Code     0  startup_stm32f10x_md.o(.text)
    SPI1_IRQHandler                          0x08000233   Thumb Code     0  startup_stm32f10x_md.o(.text)
    SPI2_IRQHandler                          0x08000233   Thumb Code     0  startup_stm32f10x_md.o(.text)
    TAMPER_IRQHandler                        0x08000233   Thumb Code     0  startup_stm32f10x_md.o(.text)
    TIM1_BRK_IRQHandler                      0x08000233   Thumb Code     0  startup_stm32f10x_md.o(.text)
    TIM1_CC_IRQHandler                       0x08000233   Thumb Code     0  startup_stm32f10x_md.o(.text)
    TIM1_TRG_COM_IRQHandler                  0x08000233   Thumb Code     0  startup_stm32f10x_md.o(.text)
    TIM1_UP_IRQHandler                       0x08000233   Thumb Code     0  startup_stm32f10x_md.o(.text)
    TIM2_IRQHandler                          0x08000233   Thumb Code     0  startup_stm32f10x_md.o(.text)
    TIM3_IRQHandler                          0x08000233   Thumb Code     0  startup_stm32f10x_md.o(.text)
    TIM4_IRQHandler                          0x08000233   Thumb Code     0  startup_stm32f10x_md.o(.text)
    USART1_IRQHandler                        0x08000233   Thumb Code     0  startup_stm32f10x_md.o(.text)
    USART2_IRQHandler                        0x08000233   Thumb Code     0  startup_stm32f10x_md.o(.text)
    USART3_IRQHandler                        0x08000233   Thumb Code     0  startup_stm32f10x_md.o(.text)
    USBWakeUp_IRQHandler                     0x08000233   Thumb Code     0  startup_stm32f10x_md.o(.text)
    USB_HP_CAN1_TX_IRQHandler                0x08000233   Thumb Code     0  startup_stm32f10x_md.o(.text)
    USB_LP_CAN1_RX0_IRQHandler               0x08000233   Thumb Code     0  startup_stm32f10x_md.o(.text)
    WWDG_IRQHandler                          0x08000233   Thumb Code     0  startup_stm32f10x_md.o(.text)
    __user_initial_stackheap                 0x08000235   Thumb Code     0  startup_stm32f10x_md.o(.text)
    sprintf                                  0x08000259   Thumb Code    38  sprintf.o(.text)
    sscanf                                   0x08000285   Thumb Code    52  sscanf.o(.text)
    __use_two_region_memory                  0x080002c1   Thumb Code     2  heapauxi.o(.text)
    __rt_heap_escrow$2region                 0x080002c3   Thumb Code     2  heapauxi.o(.text)
    __rt_heap_expand$2region                 0x080002c5   Thumb Code     2  heapauxi.o(.text)
    _printf_pre_padding                      0x080002c7   Thumb Code    44  _printf_pad.o(.text)
    _printf_post_padding                     0x080002f3   Thumb Code    34  _printf_pad.o(.text)
    _printf_truncate_signed                  0x08000315   Thumb Code    18  _printf_truncate.o(.text)
    _printf_truncate_unsigned                0x08000327   Thumb Code    18  _printf_truncate.o(.text)
    _printf_str                              0x08000339   Thumb Code    82  _printf_str.o(.text)
    _printf_int_dec                          0x0800038d   Thumb Code   104  _printf_dec.o(.text)
    _printf_charcount                        0x08000405   Thumb Code    40  _printf_charcount.o(.text)
    _printf_char_common                      0x08000437   Thumb Code    32  _printf_char_common.o(.text)
    _sputc                                   0x0800045d   Thumb Code    10  _sputc.o(.text)
    _printf_wctomb                           0x08000469   Thumb Code   182  _printf_wctomb.o(.text)
    _printf_longlong_dec                     0x08000525   Thumb Code   108  _printf_longlong_dec.o(.text)
    _printf_longlong_oct                     0x080005a1   Thumb Code    68  _printf_oct_int_ll.o(.text)
    _printf_int_oct                          0x080005e5   Thumb Code    24  _printf_oct_int_ll.o(.text)
    _printf_ll_oct                           0x080005fd   Thumb Code    12  _printf_oct_int_ll.o(.text)
    _printf_longlong_hex                     0x08000611   Thumb Code    86  _printf_hex_int_ll_ptr.o(.text)
    _printf_int_hex                          0x08000667   Thumb Code    28  _printf_hex_int_ll_ptr.o(.text)
    _printf_ll_hex                           0x08000683   Thumb Code    12  _printf_hex_int_ll_ptr.o(.text)
    _printf_hex_ptr                          0x0800068f   Thumb Code    18  _printf_hex_int_ll_ptr.o(.text)
    __printf                                 0x080006a5   Thumb Code   388  __printf_flags_ss_wp.o(.text)
    _scanf_longlong                          0x0800082d   Thumb Code   342  _scanf_longlong.o(.text)
    _scanf_int                               0x08000983   Thumb Code   332  _scanf_int.o(.text)
    _scanf_string                            0x08000acf   Thumb Code   224  _scanf_str.o(.text)
    __vfscanf_char                           0x08000bbd   Thumb Code    24  scanf_char.o(.text)
    _sgetc                                   0x08000bdd   Thumb Code    30  _sgetc.o(.text)
    _sbackspace                              0x08000bfb   Thumb Code    34  _sgetc.o(.text)
    _scanf_mbtowc                            0x08000c1d   Thumb Code   276  _scanf_mbtowc.o(.text)
    _scanf_wctomb                            0x08000d31   Thumb Code   232  _scanf_wctomb.o(.text)
    _scanf_wstring                           0x08000e19   Thumb Code   208  _scanf_wstr.o(.text)
    _ll_udiv10                               0x08000ee9   Thumb Code   138  lludiv10.o(.text)
    isspace                                  0x08000f73   Thumb Code    18  isspace.o(.text)
    _printf_int_common                       0x08000f85   Thumb Code   178  _printf_intcommon.o(.text)
    _printf_fp_dec_real                      0x080011e7   Thumb Code   620  _printf_fp_dec.o(.text)
    _printf_fp_hex_real                      0x08001455   Thumb Code   756  _printf_fp_hex.o(.text)
    _printf_cs_common                        0x08001751   Thumb Code    20  _printf_char.o(.text)
    _printf_char                             0x08001765   Thumb Code    16  _printf_char.o(.text)
    _printf_string                           0x08001775   Thumb Code     8  _printf_char.o(.text)
    _printf_lcs_common                       0x0800177d   Thumb Code    20  _printf_wchar.o(.text)
    _printf_wchar                            0x08001791   Thumb Code    16  _printf_wchar.o(.text)
    _printf_wstring                          0x080017a1   Thumb Code     8  _printf_wchar.o(.text)
    _chval                                   0x080017a9   Thumb Code    28  _chval.o(.text)
    __vfscanf                                0x080017c5   Thumb Code   878  _scanf.o(.text)
    _scanf_really_real                       0x08001d85   Thumb Code   684  scanf_fp.o(.text)
    _scanf_wcharmap                          0x08002031   Thumb Code    30  _scanf_wcharmap.o(.text)
    _mbrtoc16                                0x0800204f   Thumb Code    64  _mbrtoc16.o(.text)
    _mbrtowc                                 0x0800204f   Thumb Code     0  _mbrtoc16.o(.text)
    _c16rtomb                                0x0800208f   Thumb Code    72  _c16rtomb.o(.text)
    _wcrtomb                                 0x0800208f   Thumb Code     0  _c16rtomb.o(.text)
    __user_setup_stackheap                   0x080020d7   Thumb Code    74  sys_stackheap_outer.o(.text)
    __rt_ctype_table                         0x08002121   Thumb Code    16  rt_ctype_table.o(.text)
    __rt_locale                              0x08002131   Thumb Code     8  rt_locale_intlibspace.o(.text)
    __aeabi_errno_addr                       0x08002139   Thumb Code     8  rt_errno_addr_intlibspace.o(.text)
    __errno$intlibspace                      0x08002139   Thumb Code     0  rt_errno_addr_intlibspace.o(.text)
    __rt_errno_addr$intlibspace              0x08002139   Thumb Code     0  rt_errno_addr_intlibspace.o(.text)
    __aeabi_llsl                             0x08002141   Thumb Code     0  llshl.o(.text)
    _ll_shift_l                              0x08002141   Thumb Code    38  llshl.o(.text)
    _printf_fp_infnan                        0x08002169   Thumb Code   112  _printf_fp_infnan.o(.text)
    _btod_etento                             0x080021e9   Thumb Code   224  bigflt0.o(.text)
    exit                                     0x080022cd   Thumb Code    18  exit.o(.text)
    __user_libspace                          0x080022e1   Thumb Code     8  libspace.o(.text)
    __user_perproc_libspace                  0x080022e1   Thumb Code     0  libspace.o(.text)
    __user_perthread_libspace                0x080022e1   Thumb Code     0  libspace.o(.text)
    __read_errno                             0x080022e9   Thumb Code    10  _rserrno.o(.text)
    __set_errno                              0x080022f3   Thumb Code    12  _rserrno.o(.text)
    _scanf_really_hex_real                   0x08002301   Thumb Code   786  scanf_hexfp.o(.text)
    _scanf_really_infnan                     0x08002621   Thumb Code   292  scanf_infnan.o(.text)
    strcmp                                   0x08002755   Thumb Code   128  strcmpv7m.o(.text)
    _sys_exit                                0x080027d5   Thumb Code     8  sys_exit.o(.text)
    __I$use$semihosting                      0x080027e1   Thumb Code     0  use_no_semi.o(.text)
    __use_no_semihosting_swi                 0x080027e1   Thumb Code     2  use_no_semi.o(.text)
    __semihosting_library_function           0x080027e3   Thumb Code     0  indicate_semi.o(.text)
    SystemInit                               0x08002911   Thumb Code   102  system_stm32f10x.o(.text.SystemInit)
    TIM2_Config                              0x08002979   Thumb Code    70  delay_f103.o(.text.TIM2_Config)
    UART2_GetChar                            0x080029c1   Thumb Code    46  uart.o(.text.UART2_GetChar)
    UART2_SendChar                           0x080029f1   Thumb Code    46  uart.o(.text.UART2_SendChar)
    UART2_SendString                         0x08002a21   Thumb Code    34  uart.o(.text.UART2_SendString)
    Uart2Config                              0x08002a45   Thumb Code   134  uart.o(.text.Uart2Config)
    handlePercentageInput                    0x08002acd   Thumb Code   144  uart.o(.text.handlePercentageInput)
    handleRawInput                           0x08002b5d   Thumb Code    94  uart.o(.text.handleRawInput)
    main                                     0x08002bbd   Thumb Code   164  main.o(.text.main)
    stm32_GpioSetup                          0x08002c61   Thumb Code    36  init_gpio.o(.text.stm32_GpioSetup)
    stm32_TimerSetup                         0x08002c85   Thumb Code   214  init_timer.o(.text.stm32_TimerSetup)
    _btod_d2e                                0x08002d5b   Thumb Code    62  btod.o(CL$$btod_d2e)
    _d2e_denorm_low                          0x08002d99   Thumb Code    70  btod.o(CL$$btod_d2e_denorm_low)
    _d2e_norm_op1                            0x08002ddf   Thumb Code    96  btod.o(CL$$btod_d2e_norm_op1)
    __btod_div_common                        0x08002e41   Thumb Code   696  btod.o(CL$$btod_div_common)
    _e2d                                     0x08003179   Thumb Code   122  btod.o(CL$$btod_e2d)
    _e2e                                     0x080031fd   Thumb Code   220  btod.o(CL$$btod_e2e)
    _btod_ediv                               0x080032d9   Thumb Code    42  btod.o(CL$$btod_ediv)
    _btod_edivd                              0x08003303   Thumb Code    42  btod.o(CL$$btod_edivd)
    _btod_emul                               0x0800332d   Thumb Code    42  btod.o(CL$$btod_emul)
    _btod_emuld                              0x08003357   Thumb Code    42  btod.o(CL$$btod_emuld)
    __btod_mult_common                       0x08003381   Thumb Code   580  btod.o(CL$$btod_mult_common)
    __ARM_fpclassify                         0x080035c5   Thumb Code    40  fpclassify.o(i.__ARM_fpclassify)
    __mathlib_dbl_overflow                   0x080035ed   Thumb Code    14  dunder.o(i.__mathlib_dbl_overflow)
    __mathlib_dbl_underflow                  0x080035fd   Thumb Code    10  dunder.o(i.__mathlib_dbl_underflow)
    __mathlib_narrow                         0x0800360d   Thumb Code    16  narrow.o(i.__mathlib_narrow)
    __mathlib_tofloat                        0x0800361d   Thumb Code   184  narrow.o(i.__mathlib_tofloat)
    __support_ldexp                          0x080036d9   Thumb Code    22  ldexp.o(i.__support_ldexp)
    _is_digit                                0x080036ef   Thumb Code    14  __printf_wp.o(i._is_digit)
    frexp                                    0x080036fd   Thumb Code    80  frexp.o(i.frexp)
    ldexp                                    0x08003755   Thumb Code   116  ldexp.o(i.ldexp)
    _get_lc_numeric                          0x080037c9   Thumb Code    44  lc_numeric_c.o(locale$$code)
    _get_lc_ctype                            0x080037f5   Thumb Code    44  lc_ctype_c.o(locale$$code)
    __aeabi_d2f                              0x08003821   Thumb Code     0  d2f.o(x$fpl$d2f)
    _d2f                                     0x08003821   Thumb Code    98  d2f.o(x$fpl$d2f)
    __aeabi_dadd                             0x08003885   Thumb Code     0  daddsub_clz.o(x$fpl$dadd)
    _dadd                                    0x08003885   Thumb Code   332  daddsub_clz.o(x$fpl$dadd)
    __fpl_dcheck_NaN1                        0x080039d5   Thumb Code    10  dcheck1.o(x$fpl$dcheck1)
    __fpl_dcmp_Inf                           0x080039e5   Thumb Code    24  dcmpi.o(x$fpl$dcmpinf)
    __aeabi_ddiv                             0x080039fd   Thumb Code     0  ddiv.o(x$fpl$ddiv)
    _ddiv                                    0x080039fd   Thumb Code   556  ddiv.o(x$fpl$ddiv)
    __aeabi_cdcmpeq                          0x08003cb1   Thumb Code     0  deqf.o(x$fpl$deqf)
    _dcmpeq                                  0x08003cb1   Thumb Code   120  deqf.o(x$fpl$deqf)
    __aeabi_d2iz                             0x08003d29   Thumb Code     0  dfix.o(x$fpl$dfix)
    _dfix                                    0x08003d29   Thumb Code    94  dfix.o(x$fpl$dfix)
    __aeabi_i2d                              0x08003d87   Thumb Code     0  dflt_clz.o(x$fpl$dflt)
    _dflt                                    0x08003d87   Thumb Code    46  dflt_clz.o(x$fpl$dflt)
    __aeabi_cdcmple                          0x08003db5   Thumb Code     0  dleqf.o(x$fpl$dleqf)
    _dcmple                                  0x08003db5   Thumb Code   120  dleqf.o(x$fpl$dleqf)
    __fpl_dcmple_InfNaN                      0x08003e17   Thumb Code     0  dleqf.o(x$fpl$dleqf)
    __aeabi_dmul                             0x08003e2d   Thumb Code     0  dmul.o(x$fpl$dmul)
    _dmul                                    0x08003e2d   Thumb Code   332  dmul.o(x$fpl$dmul)
    __fpl_dnaninf                            0x08003f81   Thumb Code   156  dnaninf.o(x$fpl$dnaninf)
    __fpl_dretinf                            0x0800401d   Thumb Code    12  dretinf.o(x$fpl$dretinf)
    __aeabi_cdrcmple                         0x08004029   Thumb Code     0  drleqf.o(x$fpl$drleqf)
    _drcmple                                 0x08004029   Thumb Code   108  drleqf.o(x$fpl$drleqf)
    __aeabi_dsub                             0x08004095   Thumb Code     0  daddsub_clz.o(x$fpl$dsub)
    _dsub                                    0x08004095   Thumb Code   472  daddsub_clz.o(x$fpl$dsub)
    __fpl_fretinf                            0x08004271   Thumb Code    10  fretinf.o(x$fpl$fretinf)
    __ieee_status                            0x0800427b   Thumb Code     6  istatus.o(x$fpl$ieeestatus)
    _printf_fp_dec                           0x08004281   Thumb Code     4  printf1.o(x$fpl$printf1)
    _printf_fp_hex                           0x08004285   Thumb Code     4  printf2.o(x$fpl$printf2)
    __fpl_return_NaN                         0x08004289   Thumb Code   100  retnan.o(x$fpl$retnan)
    __ARM_scalbn                             0x080042ed   Thumb Code    92  scalbn.o(x$fpl$scalbn)
    _scanf_real                              0x08004349   Thumb Code     4  scanf1.o(x$fpl$scanf1)
    _scanf_hex_real                          0x0800434d   Thumb Code     4  scanf2.o(x$fpl$scanf2)
    _scanf_infnan                            0x08004351   Thumb Code     4  scanf2.o(x$fpl$scanf2)
    __fpl_cmpreturn                          0x08004355   Thumb Code    48  trapv.o(x$fpl$trapveneer)
    __I$use$fp                               0x08004384   Number         0  usenofp.o(x$fpl$usenofp)
    Region$$Table$$Base                      0x08004544   Number         0  anon$$obj.o(Region$$Table)
    Region$$Table$$Limit                     0x08004554   Number         0  anon$$obj.o(Region$$Table)
    __aeabi_HUGE_VAL                         0x08004554   Data           0  fpconst.o(c$$dinf)
    __aeabi_HUGE_VALL                        0x08004554   Data           0  fpconst.o(c$$dinf)
    __aeabi_INFINITY                         0x08004554   Data           0  fpconst.o(c$$dinf)
    __dInf                                   0x08004554   Data           0  fpconst.o(c$$dinf)
    __huge_val                               0x08004554   Data           0  fpconst.o(c$$dinf)
    __dbl_max                                0x0800455c   Data           0  fpconst.o(c$$dmax)
    __ctype                                  0x0800458d   Data           0  lc_ctype_c.o(locale$$data)
    __libspace_start                         0x20000000   Data          96  libspace.o(.bss)
    __temporary_stack_top$libspace           0x20000060   Data           0  libspace.o(.bss)



==============================================================================

Memory Map of the image

  Image Entry point : 0x08000219

  Load Region LR_1 (Base: 0x08000000, Size: 0x00004690, Max: 0xffffffff, ABSOLUTE)

    Execution Region ER_RO (Exec base: 0x08000000, Load base: 0x08000000, Size: 0x00004690, Max: 0xffffffff, ABSOLUTE)

    Exec Addr    Load Addr    Size         Type   Attr      Idx    E Section Name        Object

    0x08000000   0x08000000   0x000000ec   Data   RO           62    RESET               startup_stm32f10x_md.o
    0x080000ec   0x080000ec   0x00000008   Code   RO           94  * !!!main             c_w.l(__main.o)
    0x080000f4   0x080000f4   0x00000034   Code   RO          567    !!!scatter          c_w.l(__scatter.o)
    0x08000128   0x08000128   0x0000001c   Code   RO          569    !!handler_zi        c_w.l(__scatter_zi.o)
    0x08000144   0x08000144   0x00000000   Code   RO          200    .ARM.Collect$$_printf_percent$$00000000  c_w.l(_printf_percent.o)
    0x08000144   0x08000144   0x00000006   Code   RO          189    .ARM.Collect$$_printf_percent$$00000001  c_w.l(_printf_n.o)
    0x0800014a   0x0800014a   0x00000006   Code   RO          191    .ARM.Collect$$_printf_percent$$00000002  c_w.l(_printf_p.o)
    0x08000150   0x08000150   0x00000006   Code   RO          196    .ARM.Collect$$_printf_percent$$00000003  c_w.l(_printf_f.o)
    0x08000156   0x08000156   0x00000006   Code   RO          197    .ARM.Collect$$_printf_percent$$00000004  c_w.l(_printf_e.o)
    0x0800015c   0x0800015c   0x00000006   Code   RO          198    .ARM.Collect$$_printf_percent$$00000005  c_w.l(_printf_g.o)
    0x08000162   0x08000162   0x00000006   Code   RO          199    .ARM.Collect$$_printf_percent$$00000006  c_w.l(_printf_a.o)
    0x08000168   0x08000168   0x0000000a   Code   RO          204    .ARM.Collect$$_printf_percent$$00000007  c_w.l(_printf_ll.o)
    0x08000172   0x08000172   0x00000006   Code   RO          193    .ARM.Collect$$_printf_percent$$00000008  c_w.l(_printf_i.o)
    0x08000178   0x08000178   0x00000006   Code   RO          194    .ARM.Collect$$_printf_percent$$00000009  c_w.l(_printf_d.o)
    0x0800017e   0x0800017e   0x00000006   Code   RO          195    .ARM.Collect$$_printf_percent$$0000000A  c_w.l(_printf_u.o)
    0x08000184   0x08000184   0x00000006   Code   RO          192    .ARM.Collect$$_printf_percent$$0000000B  c_w.l(_printf_o.o)
    0x0800018a   0x0800018a   0x00000006   Code   RO          190    .ARM.Collect$$_printf_percent$$0000000C  c_w.l(_printf_x.o)
    0x08000190   0x08000190   0x00000006   Code   RO          201    .ARM.Collect$$_printf_percent$$0000000D  c_w.l(_printf_lli.o)
    0x08000196   0x08000196   0x00000006   Code   RO          202    .ARM.Collect$$_printf_percent$$0000000E  c_w.l(_printf_lld.o)
    0x0800019c   0x0800019c   0x00000006   Code   RO          203    .ARM.Collect$$_printf_percent$$0000000F  c_w.l(_printf_llu.o)
    0x080001a2   0x080001a2   0x00000006   Code   RO          208    .ARM.Collect$$_printf_percent$$00000010  c_w.l(_printf_llo.o)
    0x080001a8   0x080001a8   0x00000006   Code   RO          209    .ARM.Collect$$_printf_percent$$00000011  c_w.l(_printf_llx.o)
    0x080001ae   0x080001ae   0x0000000a   Code   RO          205    .ARM.Collect$$_printf_percent$$00000012  c_w.l(_printf_l.o)
    0x080001b8   0x080001b8   0x00000006   Code   RO          187    .ARM.Collect$$_printf_percent$$00000013  c_w.l(_printf_c.o)
    0x080001be   0x080001be   0x00000006   Code   RO          188    .ARM.Collect$$_printf_percent$$00000014  c_w.l(_printf_s.o)
    0x080001c4   0x080001c4   0x00000006   Code   RO          206    .ARM.Collect$$_printf_percent$$00000015  c_w.l(_printf_lc.o)
    0x080001ca   0x080001ca   0x00000006   Code   RO          207    .ARM.Collect$$_printf_percent$$00000016  c_w.l(_printf_ls.o)
    0x080001d0   0x080001d0   0x00000004   Code   RO          275    .ARM.Collect$$_printf_percent$$00000017  c_w.l(_printf_percent_end.o)
    0x080001d4   0x080001d4   0x00000002   Code   RO          350    .ARM.Collect$$libinit$$00000000  c_w.l(libinit.o)
    0x080001d6   0x080001d6   0x00000000   Code   RO          390    .ARM.Collect$$libinit$$00000002  c_w.l(libinit2.o)
    0x080001d6   0x080001d6   0x00000000   Code   RO          392    .ARM.Collect$$libinit$$00000004  c_w.l(libinit2.o)
    0x080001d6   0x080001d6   0x00000000   Code   RO          394    .ARM.Collect$$libinit$$00000006  c_w.l(libinit2.o)
    0x080001d6   0x080001d6   0x00000000   Code   RO          397    .ARM.Collect$$libinit$$0000000C  c_w.l(libinit2.o)
    0x080001d6   0x080001d6   0x00000000   Code   RO          399    .ARM.Collect$$libinit$$0000000E  c_w.l(libinit2.o)
    0x080001d6   0x080001d6   0x00000000   Code   RO          401    .ARM.Collect$$libinit$$00000010  c_w.l(libinit2.o)
    0x080001d6   0x080001d6   0x00000006   Code   RO          402    .ARM.Collect$$libinit$$00000011  c_w.l(libinit2.o)
    0x080001dc   0x080001dc   0x00000000   Code   RO          404    .ARM.Collect$$libinit$$00000013  c_w.l(libinit2.o)
    0x080001dc   0x080001dc   0x0000000c   Code   RO          405    .ARM.Collect$$libinit$$00000014  c_w.l(libinit2.o)
    0x080001e8   0x080001e8   0x00000000   Code   RO          406    .ARM.Collect$$libinit$$00000015  c_w.l(libinit2.o)
    0x080001e8   0x080001e8   0x00000000   Code   RO          408    .ARM.Collect$$libinit$$00000017  c_w.l(libinit2.o)
    0x080001e8   0x080001e8   0x0000000a   Code   RO          409    .ARM.Collect$$libinit$$00000018  c_w.l(libinit2.o)
    0x080001f2   0x080001f2   0x00000000   Code   RO          410    .ARM.Collect$$libinit$$00000019  c_w.l(libinit2.o)
    0x080001f2   0x080001f2   0x00000000   Code   RO          412    .ARM.Collect$$libinit$$0000001B  c_w.l(libinit2.o)
    0x080001f2   0x080001f2   0x00000000   Code   RO          414    .ARM.Collect$$libinit$$0000001D  c_w.l(libinit2.o)
    0x080001f2   0x080001f2   0x00000000   Code   RO          416    .ARM.Collect$$libinit$$0000001F  c_w.l(libinit2.o)
    0x080001f2   0x080001f2   0x00000000   Code   RO          418    .ARM.Collect$$libinit$$00000021  c_w.l(libinit2.o)
    0x080001f2   0x080001f2   0x00000000   Code   RO          420    .ARM.Collect$$libinit$$00000023  c_w.l(libinit2.o)
    0x080001f2   0x080001f2   0x00000000   Code   RO          422    .ARM.Collect$$libinit$$00000025  c_w.l(libinit2.o)
    0x080001f2   0x080001f2   0x00000000   Code   RO          424    .ARM.Collect$$libinit$$00000027  c_w.l(libinit2.o)
    0x080001f2   0x080001f2   0x00000000   Code   RO          428    .ARM.Collect$$libinit$$0000002E  c_w.l(libinit2.o)
    0x080001f2   0x080001f2   0x00000000   Code   RO          430    .ARM.Collect$$libinit$$00000030  c_w.l(libinit2.o)
    0x080001f2   0x080001f2   0x00000000   Code   RO          432    .ARM.Collect$$libinit$$00000032  c_w.l(libinit2.o)
    0x080001f2   0x080001f2   0x00000000   Code   RO          434    .ARM.Collect$$libinit$$00000034  c_w.l(libinit2.o)
    0x080001f2   0x080001f2   0x00000002   Code   RO          435    .ARM.Collect$$libinit$$00000035  c_w.l(libinit2.o)
    0x080001f4   0x080001f4   0x00000002   Code   RO          483    .ARM.Collect$$libshutdown$$00000000  c_w.l(libshutdown.o)
    0x080001f6   0x080001f6   0x00000000   Code   RO          514    .ARM.Collect$$libshutdown$$00000002  c_w.l(libshutdown2.o)
    0x080001f6   0x080001f6   0x00000000   Code   RO          516    .ARM.Collect$$libshutdown$$00000004  c_w.l(libshutdown2.o)
    0x080001f6   0x080001f6   0x00000000   Code   RO          519    .ARM.Collect$$libshutdown$$00000007  c_w.l(libshutdown2.o)
    0x080001f6   0x080001f6   0x00000000   Code   RO          522    .ARM.Collect$$libshutdown$$0000000A  c_w.l(libshutdown2.o)
    0x080001f6   0x080001f6   0x00000000   Code   RO          524    .ARM.Collect$$libshutdown$$0000000C  c_w.l(libshutdown2.o)
    0x080001f6   0x080001f6   0x00000000   Code   RO          527    .ARM.Collect$$libshutdown$$0000000F  c_w.l(libshutdown2.o)
    0x080001f6   0x080001f6   0x00000002   Code   RO          528    .ARM.Collect$$libshutdown$$00000010  c_w.l(libshutdown2.o)
    0x080001f8   0x080001f8   0x00000000   Code   RO          118    .ARM.Collect$$rtentry$$00000000  c_w.l(__rtentry.o)
    0x080001f8   0x080001f8   0x00000000   Code   RO          242    .ARM.Collect$$rtentry$$00000002  c_w.l(__rtentry2.o)
    0x080001f8   0x080001f8   0x00000006   Code   RO          254    .ARM.Collect$$rtentry$$00000004  c_w.l(__rtentry4.o)
    0x080001fe   0x080001fe   0x00000000   Code   RO          244    .ARM.Collect$$rtentry$$00000009  c_w.l(__rtentry2.o)
    0x080001fe   0x080001fe   0x00000004   Code   RO          245    .ARM.Collect$$rtentry$$0000000A  c_w.l(__rtentry2.o)
    0x08000202   0x08000202   0x00000000   Code   RO          247    .ARM.Collect$$rtentry$$0000000C  c_w.l(__rtentry2.o)
    0x08000202   0x08000202   0x00000008   Code   RO          248    .ARM.Collect$$rtentry$$0000000D  c_w.l(__rtentry2.o)
    0x0800020a   0x0800020a   0x00000002   Code   RO          374    .ARM.Collect$$rtexit$$00000000  c_w.l(rtexit.o)
    0x0800020c   0x0800020c   0x00000000   Code   RO          447    .ARM.Collect$$rtexit$$00000002  c_w.l(rtexit2.o)
    0x0800020c   0x0800020c   0x00000004   Code   RO          448    .ARM.Collect$$rtexit$$00000003  c_w.l(rtexit2.o)
    0x08000210   0x08000210   0x00000006   Code   RO          449    .ARM.Collect$$rtexit$$00000004  c_w.l(rtexit2.o)
    0x08000216   0x08000216   0x00000002   PAD
    0x08000218   0x08000218   0x00000040   Code   RO           63  * .text               startup_stm32f10x_md.o
    0x08000258   0x08000258   0x0000002c   Code   RO           88    .text               c_w.l(sprintf.o)
    0x08000284   0x08000284   0x0000003c   Code   RO           90    .text               c_w.l(sscanf.o)
    0x080002c0   0x080002c0   0x00000006   Code   RO           92    .text               c_w.l(heapauxi.o)
    0x080002c6   0x080002c6   0x0000004e   Code   RO          121    .text               c_w.l(_printf_pad.o)
    0x08000314   0x08000314   0x00000024   Code   RO          123    .text               c_w.l(_printf_truncate.o)
    0x08000338   0x08000338   0x00000052   Code   RO          125    .text               c_w.l(_printf_str.o)
    0x0800038a   0x0800038a   0x00000002   PAD
    0x0800038c   0x0800038c   0x00000078   Code   RO          127    .text               c_w.l(_printf_dec.o)
    0x08000404   0x08000404   0x00000028   Code   RO          129    .text               c_w.l(_printf_charcount.o)
    0x0800042c   0x0800042c   0x00000030   Code   RO          131    .text               c_w.l(_printf_char_common.o)
    0x0800045c   0x0800045c   0x0000000a   Code   RO          133    .text               c_w.l(_sputc.o)
    0x08000466   0x08000466   0x00000002   PAD
    0x08000468   0x08000468   0x000000bc   Code   RO          135    .text               c_w.l(_printf_wctomb.o)
    0x08000524   0x08000524   0x0000007c   Code   RO          138    .text               c_w.l(_printf_longlong_dec.o)
    0x080005a0   0x080005a0   0x00000070   Code   RO          144    .text               c_w.l(_printf_oct_int_ll.o)
    0x08000610   0x08000610   0x00000094   Code   RO          164    .text               c_w.l(_printf_hex_int_ll_ptr.o)
    0x080006a4   0x080006a4   0x00000188   Code   RO          184    .text               c_w.l(__printf_flags_ss_wp.o)
    0x0800082c   0x0800082c   0x00000156   Code   RO          210    .text               c_w.l(_scanf_longlong.o)
    0x08000982   0x08000982   0x0000014c   Code   RO          212    .text               c_w.l(_scanf_int.o)
    0x08000ace   0x08000ace   0x000000e0   Code   RO          214    .text               c_w.l(_scanf_str.o)
    0x08000bae   0x08000bae   0x00000002   PAD
    0x08000bb0   0x08000bb0   0x0000002c   Code   RO          216    .text               c_w.l(scanf_char.o)
    0x08000bdc   0x08000bdc   0x00000040   Code   RO          218    .text               c_w.l(_sgetc.o)
    0x08000c1c   0x08000c1c   0x00000114   Code   RO          220    .text               c_w.l(_scanf_mbtowc.o)
    0x08000d30   0x08000d30   0x000000e8   Code   RO          222    .text               c_w.l(_scanf_wctomb.o)
    0x08000e18   0x08000e18   0x000000d0   Code   RO          224    .text               c_w.l(_scanf_wstr.o)
    0x08000ee8   0x08000ee8   0x0000008a   Code   RO          256    .text               c_w.l(lludiv10.o)
    0x08000f72   0x08000f72   0x00000012   Code   RO          258    .text               c_w.l(isspace.o)
    0x08000f84   0x08000f84   0x000000b2   Code   RO          260    .text               c_w.l(_printf_intcommon.o)
    0x08001036   0x08001036   0x0000041c   Code   RO          262    .text               c_w.l(_printf_fp_dec.o)
    0x08001452   0x08001452   0x00000002   PAD
    0x08001454   0x08001454   0x000002fc   Code   RO          266    .text               c_w.l(_printf_fp_hex.o)
    0x08001750   0x08001750   0x0000002c   Code   RO          271    .text               c_w.l(_printf_char.o)
    0x0800177c   0x0800177c   0x0000002c   Code   RO          273    .text               c_w.l(_printf_wchar.o)
    0x080017a8   0x080017a8   0x0000001c   Code   RO          276    .text               c_w.l(_chval.o)
    0x080017c4   0x080017c4   0x00000374   Code   RO          278    .text               c_w.l(_scanf.o)
    0x08001b38   0x08001b38   0x000004f8   Code   RO          280    .text               c_w.l(scanf_fp.o)
    0x08002030   0x08002030   0x0000001e   Code   RO          284    .text               c_w.l(_scanf_wcharmap.o)
    0x0800204e   0x0800204e   0x00000040   Code   RO          286    .text               c_w.l(_mbrtoc16.o)
    0x0800208e   0x0800208e   0x00000048   Code   RO          288    .text               c_w.l(_c16rtomb.o)
    0x080020d6   0x080020d6   0x0000004a   Code   RO          290    .text               c_w.l(sys_stackheap_outer.o)
    0x08002120   0x08002120   0x00000010   Code   RO          292    .text               c_w.l(rt_ctype_table.o)
    0x08002130   0x08002130   0x00000008   Code   RO          297    .text               c_w.l(rt_locale_intlibspace.o)
    0x08002138   0x08002138   0x00000008   Code   RO          302    .text               c_w.l(rt_errno_addr_intlibspace.o)
    0x08002140   0x08002140   0x00000026   Code   RO          304    .text               c_w.l(llshl.o)
    0x08002166   0x08002166   0x00000002   PAD
    0x08002168   0x08002168   0x00000080   Code   RO          306    .text               c_w.l(_printf_fp_infnan.o)
    0x080021e8   0x080021e8   0x000000e4   Code   RO          308    .text               c_w.l(bigflt0.o)
    0x080022cc   0x080022cc   0x00000012   Code   RO          341    .text               c_w.l(exit.o)
    0x080022de   0x080022de   0x00000002   PAD
    0x080022e0   0x080022e0   0x00000008   Code   RO          371    .text               c_w.l(libspace.o)
    0x080022e8   0x080022e8   0x00000016   Code   RO          376    .text               c_w.l(_rserrno.o)
    0x080022fe   0x080022fe   0x00000002   PAD
    0x08002300   0x08002300   0x00000320   Code   RO          378    .text               c_w.l(scanf_hexfp.o)
    0x08002620   0x08002620   0x00000134   Code   RO          380    .text               c_w.l(scanf_infnan.o)
    0x08002754   0x08002754   0x00000080   Code   RO          387    .text               c_w.l(strcmpv7m.o)
    0x080027d4   0x080027d4   0x0000000c   Code   RO          473    .text               c_w.l(sys_exit.o)
    0x080027e0   0x080027e0   0x00000002   Code   RO          504    .text               c_w.l(use_no_semi.o)
    0x080027e2   0x080027e2   0x00000000   Code   RO          506    .text               c_w.l(indicate_semi.o)
    0x080027e2   0x080027e2   0x00000002   PAD
    0x080027e4   0x080027e4   0x00000008   Code   RO           72    .text.SetSysClock   system_stm32f10x.o
    0x080027ec   0x080027ec   0x00000122   Code   RO           76    .text.SetSysClockTo72  system_stm32f10x.o
    0x0800290e   0x0800290e   0x00000002   PAD
    0x08002910   0x08002910   0x00000066   Code   RO           70    .text.SystemInit    system_stm32f10x.o
    0x08002976   0x08002976   0x00000002   PAD
    0x08002978   0x08002978   0x00000046   Code   RO           48    .text.TIM2_Config   delay_f103.o
    0x080029be   0x080029be   0x00000002   PAD
    0x080029c0   0x080029c0   0x0000002e   Code   RO           34    .text.UART2_GetChar  uart.o
    0x080029ee   0x080029ee   0x00000002   PAD
    0x080029f0   0x080029f0   0x0000002e   Code   RO           30    .text.UART2_SendChar  uart.o
    0x08002a1e   0x08002a1e   0x00000002   PAD
    0x08002a20   0x08002a20   0x00000022   Code   RO           32    .text.UART2_SendString  uart.o
    0x08002a42   0x08002a42   0x00000002   PAD
    0x08002a44   0x08002a44   0x00000086   Code   RO           28    .text.Uart2Config   uart.o
    0x08002aca   0x08002aca   0x00000002   PAD
    0x08002acc   0x08002acc   0x00000090   Code   RO           38    .text.handlePercentageInput  uart.o
    0x08002b5c   0x08002b5c   0x0000005e   Code   RO           36    .text.handleRawInput  uart.o
    0x08002bba   0x08002bba   0x00000002   PAD
    0x08002bbc   0x08002bbc   0x000000a4   Code   RO           18    .text.main          main.o
    0x08002c60   0x08002c60   0x00000024   Code   RO            2    .text.stm32_GpioSetup  init_gpio.o
    0x08002c84   0x08002c84   0x000000d6   Code   RO           10    .text.stm32_TimerSetup  init_timer.o
    0x08002d5a   0x08002d5a   0x0000003e   Code   RO          311    CL$$btod_d2e        c_w.l(btod.o)
    0x08002d98   0x08002d98   0x00000046   Code   RO          313    CL$$btod_d2e_denorm_low  c_w.l(btod.o)
    0x08002dde   0x08002dde   0x00000060   Code   RO          312    CL$$btod_d2e_norm_op1  c_w.l(btod.o)
    0x08002e3e   0x08002e3e   0x00000002   PAD
    0x08002e40   0x08002e40   0x00000338   Code   RO          321    CL$$btod_div_common  c_w.l(btod.o)
    0x08003178   0x08003178   0x00000084   Code   RO          319    CL$$btod_e2d        c_w.l(btod.o)
    0x080031fc   0x080031fc   0x000000dc   Code   RO          318    CL$$btod_e2e        c_w.l(btod.o)
    0x080032d8   0x080032d8   0x0000002a   Code   RO          315    CL$$btod_ediv       c_w.l(btod.o)
    0x08003302   0x08003302   0x0000002a   Code   RO          317    CL$$btod_edivd      c_w.l(btod.o)
    0x0800332c   0x0800332c   0x0000002a   Code   RO          314    CL$$btod_emul       c_w.l(btod.o)
    0x08003356   0x08003356   0x0000002a   Code   RO          316    CL$$btod_emuld      c_w.l(btod.o)
    0x08003380   0x08003380   0x00000244   Code   RO          320    CL$$btod_mult_common  c_w.l(btod.o)
    0x080035c4   0x080035c4   0x00000028   Code   RO          363    i.__ARM_fpclassify  m_ws.l(fpclassify.o)
    0x080035ec   0x080035ec   0x0000000e   Code   RO          490    i.__mathlib_dbl_overflow  m_ws.l(dunder.o)
    0x080035fa   0x080035fa   0x00000002   PAD
    0x080035fc   0x080035fc   0x00000010   Code   RO          492    i.__mathlib_dbl_underflow  m_ws.l(dunder.o)
    0x0800360c   0x0800360c   0x00000010   Code   RO          365    i.__mathlib_narrow  m_ws.l(narrow.o)
    0x0800361c   0x0800361c   0x000000bc   Code   RO          366    i.__mathlib_tofloat  m_ws.l(narrow.o)
    0x080036d8   0x080036d8   0x00000016   Code   RO          468    i.__support_ldexp   m_ws.l(ldexp.o)
    0x080036ee   0x080036ee   0x0000000e   Code   RO          177    i._is_digit         c_w.l(__printf_wp.o)
    0x080036fc   0x080036fc   0x00000058   Code   RO          443    i.frexp             m_ws.l(frexp.o)
    0x08003754   0x08003754   0x00000074   Code   RO          469    i.ldexp             m_ws.l(ldexp.o)
    0x080037c8   0x080037c8   0x0000002c   Code   RO          339    locale$$code        c_w.l(lc_numeric_c.o)
    0x080037f4   0x080037f4   0x0000002c   Code   RO          385    locale$$code        c_w.l(lc_ctype_c.o)
    0x08003820   0x08003820   0x00000062   Code   RO          436    x$fpl$d2f           fz_ws.l(d2f.o)
    0x08003882   0x08003882   0x00000002   PAD
    0x08003884   0x08003884   0x00000150   Code   RO           96    x$fpl$dadd          fz_ws.l(daddsub_clz.o)
    0x080039d4   0x080039d4   0x00000010   Code   RO          484    x$fpl$dcheck1       fz_ws.l(dcheck1.o)
    0x080039e4   0x080039e4   0x00000018   Code   RO          457    x$fpl$dcmpinf       fz_ws.l(dcmpi.o)
    0x080039fc   0x080039fc   0x000002b4   Code   RO          103    x$fpl$ddiv          fz_ws.l(ddiv.o)
    0x08003cb0   0x08003cb0   0x00000078   Code   RO          438    x$fpl$deqf          fz_ws.l(deqf.o)
    0x08003d28   0x08003d28   0x0000005e   Code   RO          106    x$fpl$dfix          fz_ws.l(dfix.o)
    0x08003d86   0x08003d86   0x0000002e   Code   RO          111    x$fpl$dflt          fz_ws.l(dflt_clz.o)
    0x08003db4   0x08003db4   0x00000078   Code   RO          459    x$fpl$dleqf         fz_ws.l(dleqf.o)
    0x08003e2c   0x08003e2c   0x00000154   Code   RO          116    x$fpl$dmul          fz_ws.l(dmul.o)
    0x08003f80   0x08003f80   0x0000009c   Code   RO          226    x$fpl$dnaninf       fz_ws.l(dnaninf.o)
    0x0800401c   0x0800401c   0x0000000c   Code   RO          228    x$fpl$dretinf       fz_ws.l(dretinf.o)
    0x08004028   0x08004028   0x0000006c   Code   RO          440    x$fpl$drleqf        fz_ws.l(drleqf.o)
    0x08004094   0x08004094   0x000001dc   Code   RO           98    x$fpl$dsub          fz_ws.l(daddsub_clz.o)
    0x08004270   0x08004270   0x0000000a   Code   RO          463    x$fpl$fretinf       fz_ws.l(fretinf.o)
    0x0800427a   0x0800427a   0x00000006   Code   RO          355    x$fpl$ieeestatus    fz_ws.l(istatus.o)
    0x08004280   0x08004280   0x00000004   Code   RO          230    x$fpl$printf1       fz_ws.l(printf1.o)
    0x08004284   0x08004284   0x00000004   Code   RO          232    x$fpl$printf2       fz_ws.l(printf2.o)
    0x08004288   0x08004288   0x00000064   Code   RO          529    x$fpl$retnan        fz_ws.l(retnan.o)
    0x080042ec   0x080042ec   0x0000005c   Code   RO          465    x$fpl$scalbn        fz_ws.l(scalbn.o)
    0x08004348   0x08004348   0x00000004   Code   RO          238    x$fpl$scanf1        fz_ws.l(scanf1.o)
    0x0800434c   0x0800434c   0x00000008   Code   RO          357    x$fpl$scanf2        fz_ws.l(scanf2.o)
    0x08004354   0x08004354   0x00000030   Code   RO          537    x$fpl$trapveneer    fz_ws.l(trapv.o)
    0x08004384   0x08004384   0x00000000   Code   RO          240    x$fpl$usenofp       fz_ws.l(usenofp.o)
    0x08004384   0x08004384   0x00000008   Data   RO          136    .constdata          c_w.l(_printf_wctomb.o)
    0x0800438c   0x0800438c   0x00000028   Data   RO          165    .constdata          c_w.l(_printf_hex_int_ll_ptr.o)
    0x080043b4   0x080043b4   0x00000011   Data   RO          185    .constdata          c_w.l(__printf_flags_ss_wp.o)
    0x080043c5   0x080043c5   0x00000026   Data   RO          267    .constdata          c_w.l(_printf_fp_hex.o)
    0x080043eb   0x080043eb   0x00000001   PAD
    0x080043ec   0x080043ec   0x00000094   Data   RO          309    .constdata          c_w.l(bigflt0.o)
    0x08004480   0x08004480   0x00000058   Data   RO           20    .rodata.str1.1      main.o
    0x080044d8   0x080044d8   0x0000006a   Data   RO           40    .rodata.str1.1      uart.o
    0x08004542   0x08004542   0x00000002   PAD
    0x08004544   0x08004544   0x00000010   Data   RO          566    Region$$Table       anon$$obj.o
    0x08004554   0x08004554   0x00000008   Data   RO          351    c$$dinf             fz_ws.l(fpconst.o)
    0x0800455c   0x0800455c   0x00000008   Data   RO          354    c$$dmax             fz_ws.l(fpconst.o)
    0x08004564   0x08004564   0x0000001c   Data   RO          338    locale$$data        c_w.l(lc_numeric_c.o)
    0x08004580   0x08004580   0x00000110   Data   RO          384    locale$$data        c_w.l(lc_ctype_c.o)


    Execution Region ER_RW (Exec base: 0x20000000, Load base: 0x08004690, Size: 0x00000000, Max: 0xffffffff, ABSOLUTE)

    **** No section assigned to this execution region ****


    Execution Region ER_ZI (Exec base: 0x20000000, Load base: 0x08004690, Size: 0x00000660, Max: 0xffffffff, ABSOLUTE)

    Exec Addr    Load Addr    Size         Type   Attr      Idx    E Section Name        Object

    0x20000000        -       0x00000060   Zero   RW          372    .bss                c_w.l(libspace.o)
    0x20000060        -       0x00000200   Zero   RW           61    HEAP                startup_stm32f10x_md.o
    0x20000260        -       0x00000400   Zero   RW           60    STACK               startup_stm32f10x_md.o


==============================================================================

Image component sizes


      Code (inc. data)   RO Data    RW Data    ZI Data      Debug   Object Name

        70          0          0          0          0       2107   delay_f103.o
        36          0          0          0          0        765   init_gpio.o
       214          0          0          0          0        559   init_timer.o
       164          0         88          0          0        715   main.o
        64         26        236          0       1536        828   startup_stm32f10x_md.o
       400          0          0          0          0       2854   system_stm32f10x.o
       498          0        106          0          0       2456   uart.o

    ----------------------------------------------------------------------
      1462         26        448          0       1536      10284   Object Totals
         0          0         16          0          0          0   (incl. Generated)
        16          0          2          0          0          0   (incl. Padding)

    ----------------------------------------------------------------------

      Code (inc. data)   RO Data    RW Data    ZI Data      Debug   Library Member Name

         8          0          0          0          0         68   __main.o
       392          4         17          0          0         92   __printf_flags_ss_wp.o
        14          0          0          0          0         68   __printf_wp.o
         0          0          0          0          0          0   __rtentry.o
        12          0          0          0          0          0   __rtentry2.o
         6          0          0          0          0          0   __rtentry4.o
        52          8          0          0          0          0   __scatter.o
        28          0          0          0          0          0   __scatter_zi.o
        72          0          0          0          0         96   _c16rtomb.o
        28          0          0          0          0         68   _chval.o
        64          0          0          0          0         84   _mbrtoc16.o
         6          0          0          0          0          0   _printf_a.o
         6          0          0          0          0          0   _printf_c.o
        44          0          0          0          0        108   _printf_char.o
        48          6          0          0          0         96   _printf_char_common.o
        40          0          0          0          0         68   _printf_charcount.o
         6          0          0          0          0          0   _printf_d.o
       120         16          0          0          0         92   _printf_dec.o
         6          0          0          0          0          0   _printf_e.o
         6          0          0          0          0          0   _printf_f.o
      1052          0          0          0          0        148   _printf_fp_dec.o
       764          8         38          0          0        100   _printf_fp_hex.o
       128         16          0          0          0         84   _printf_fp_infnan.o
         6          0          0          0          0          0   _printf_g.o
       148          4         40          0          0        160   _printf_hex_int_ll_ptr.o
         6          0          0          0          0          0   _printf_i.o
       178          0          0          0          0         88   _printf_intcommon.o
        10          0          0          0          0          0   _printf_l.o
         6          0          0          0          0          0   _printf_lc.o
        10          0          0          0          0          0   _printf_ll.o
         6          0          0          0          0          0   _printf_lld.o
         6          0          0          0          0          0   _printf_lli.o
         6          0          0          0          0          0   _printf_llo.o
         6          0          0          0          0          0   _printf_llu.o
         6          0          0          0          0          0   _printf_llx.o
       124         16          0          0          0         92   _printf_longlong_dec.o
         6          0          0          0          0          0   _printf_ls.o
         6          0          0          0          0          0   _printf_n.o
         6          0          0          0          0          0   _printf_o.o
       112          8          0          0          0        124   _printf_oct_int_ll.o
         6          0          0          0          0          0   _printf_p.o
        78          0          0          0          0        108   _printf_pad.o
         0          0          0          0          0          0   _printf_percent.o
         4          0          0          0          0          0   _printf_percent_end.o
         6          0          0          0          0          0   _printf_s.o
        82          0          0          0          0         80   _printf_str.o
        36          0          0          0          0         84   _printf_truncate.o
         6          0          0          0          0          0   _printf_u.o
        44          0          0          0          0        108   _printf_wchar.o
       188          6          8          0          0         92   _printf_wctomb.o
         6          0          0          0          0          0   _printf_x.o
        22          0          0          0          0        100   _rserrno.o
       884          6          0          0          0        100   _scanf.o
       332          0          0          0          0         96   _scanf_int.o
       342          0          0          0          0        100   _scanf_longlong.o
       276          0          0          0          0        100   _scanf_mbtowc.o
       224          0          0          0          0         96   _scanf_str.o
        30          0          0          0          0         76   _scanf_wcharmap.o
       232          0          0          0          0        100   _scanf_wctomb.o
       208          0          0          0          0         96   _scanf_wstr.o
        64          0          0          0          0         84   _sgetc.o
        10          0          0          0          0         68   _sputc.o
       228          4        148          0          0         96   bigflt0.o
      2152        136          0          0          0        956   btod.o
        18          0          0          0          0         80   exit.o
         6          0          0          0          0        152   heapauxi.o
         0          0          0          0          0          0   indicate_semi.o
        18          0          0          0          0         76   isspace.o
        44         10        272          0          0         76   lc_ctype_c.o
        44         10         28          0          0         76   lc_numeric_c.o
         2          0          0          0          0          0   libinit.o
        30          0          0          0          0          0   libinit2.o
         2          0          0          0          0          0   libshutdown.o
         2          0          0          0          0          0   libshutdown2.o
         8          4          0          0         96         68   libspace.o
        38          0          0          0          0         68   llshl.o
       138          0          0          0          0         80   lludiv10.o
        16          4          0          0          0         76   rt_ctype_table.o
         8          4          0          0          0         68   rt_errno_addr_intlibspace.o
         8          4          0          0          0         68   rt_locale_intlibspace.o
         2          0          0          0          0          0   rtexit.o
        10          0          0          0          0          0   rtexit2.o
        44          8          0          0          0         84   scanf_char.o
      1272         16          0          0          0        168   scanf_fp.o
       800         14          0          0          0        100   scanf_hexfp.o
       308         16          0          0          0        100   scanf_infnan.o
        44          6          0          0          0         84   sprintf.o
        60          8          0          0          0         84   sscanf.o
       128          0          0          0          0         68   strcmpv7m.o
        12          4          0          0          0         68   sys_exit.o
        74          0          0          0          0         80   sys_stackheap_outer.o
         2          0          0          0          0         68   use_no_semi.o
        98          4          0          0          0         92   d2f.o
       812         16          0          0          0        296   daddsub_clz.o
        16          4          0          0          0         68   dcheck1.o
        24          0          0          0          0         68   dcmpi.o
       692        140          0          0          0        216   ddiv.o
       120          4          0          0          0         92   deqf.o
        94          4          0          0          0         92   dfix.o
        46          0          0          0          0         68   dflt_clz.o
       120          4          0          0          0         92   dleqf.o
       340         12          0          0          0        104   dmul.o
       156          4          0          0          0         92   dnaninf.o
        12          0          0          0          0         68   dretinf.o
       108          0          0          0          0         80   drleqf.o
         0          0         16          0          0          0   fpconst.o
        10          0          0          0          0         68   fretinf.o
         6          0          0          0          0         68   istatus.o
         4          0          0          0          0         68   printf1.o
         4          0          0          0          0         68   printf2.o
       100          0          0          0          0         68   retnan.o
        92          0          0          0          0         68   scalbn.o
         4          0          0          0          0         68   scanf1.o
         8          0          0          0          0         84   scanf2.o
        48          0          0          0          0         68   trapv.o
         0          0          0          0          0          0   usenofp.o
        30          6          0          0          0        136   dunder.o
        40          0          0          0          0         68   fpclassify.o
        88          8          0          0          0         76   frexp.o
       138          0          0          0          0        160   ldexp.o
       204          4          0          0          0        168   narrow.o

    ----------------------------------------------------------------------
     15586        556        568          0         96       8632   Library Totals
        24          0          1          0          0          0   (incl. Padding)

    ----------------------------------------------------------------------

      Code (inc. data)   RO Data    RW Data    ZI Data      Debug   Library Name

     12148        346        551          0         96       5968   c_w.l
      2914        192         16          0          0       2056   fz_ws.l
       500         18          0          0          0        608   m_ws.l

    ----------------------------------------------------------------------
     15586        556        568          0         96       8632   Library Totals

    ----------------------------------------------------------------------

==============================================================================


      Code (inc. data)   RO Data    RW Data    ZI Data      Debug   

     17048        582       1016          0       1632      13960   Grand Totals
     17048        582       1016          0       1632      13960   ELF Image Totals
     17048        582       1016          0          0          0   ROM Totals

==============================================================================

    Total RO  Size (Code + RO Data)                18064 (  17.64kB)
    Total RW  Size (RW Data + ZI Data)              1632 (   1.59kB)
    Total ROM Size (Code + RO Data + RW Data)      18064 (  17.64kB)

==============================================================================

