<html>
<body>
<pre>
<h1>µVision Build Log</h1>
<h2>Tool Versions:</h2>
IDE-Version: µVision V5.38.0.0
Copyright (C) 2022 ARM Ltd and ARM Germany GmbH. All rights reserved.
License Information: Usheoritse Itsekiri, UoR, LIC=----
 
Tool Versions:
Toolchain:       MDK-Lite  Version: 5.38.0.0
Toolchain Path:  C:\Keil_v5\ARM\ARMCLANG\Bin
C Compiler:      ArmClang.exe V6.19
Assembler:       Armasm.exe V6.19
Linker/Locator:  ArmLink.exe V6.19
Library Manager: ArmAr.exe V6.19
Hex Converter:   FromElf.exe V6.19
CPU DLL:         SARMCM3.DLL V5.38.0.0
Dialog DLL:      DCM.DLL V1.17.5.0
Target DLL:      UL2CM3.DLL V1.164.8.0
Dialog DLL:      TCM.DLL V1.56.4.0
 
<h2>Project:</h2>
C:\Users\Dushos_\Desktop\Lab5_Combine_Two -again - submit\combine.uvprojx
Project File Date:  03/31/2023

<h2>Output:</h2>
*** Using Compiler 'V6.19', folder: 'C:\Keil_v5\ARM\ARMCLANG\Bin'
Rebuild target 'Target 1'
Delay_F103.c(19): warning: In file included from...
./Delay_F103.h(20): warning: In file included from...
C:/Users/Dushos_/AppData/Local/Arm/Packs/Keil/STM32F1xx_DFP/2.4.0/Device/Include\stm32f10x.h(18): warning: invalid UTF-8 in comment [-Winvalid-utf8]
  *              - To use or not the peripheral<92>s drivers in application code(i.e. 
                                               ^
C:/Users/Dushos_/AppData/Local/Arm/Packs/Keil/STM32F1xx_DFP/2.4.0/Device/Include\stm32f10x.h(19): warning: invalid UTF-8 in comment [-Winvalid-utf8]
  *                code will be based on direct access to peripheral<92>s registers 
                                                                    ^
C:/Users/Dushos_/AppData/Local/Arm/Packs/Keil/STM32F1xx_DFP/2.4.0/Device/Include\stm32f10x.h(26): warning: invalid UTF-8 in comment [-Winvalid-utf8]
  *           - Macros to access peripheral<92>s registers hardware
                                           ^
Delay_F103.c(65): warning: no newline at end of file [-Wnewline-eof]
}
 ^
4 warnings generated.
compiling Delay_F103.c...
GPIO_CONFIG.c(3): warning: In file included from...
./combine.h(5): warning: In file included from...
C:/Users/Dushos_/AppData/Local/Arm/Packs/Keil/STM32F1xx_DFP/2.4.0/Device/Include\stm32f10x.h(18): warning: invalid UTF-8 in comment [-Winvalid-utf8]
  *              - To use or not the peripheral<92>s drivers in application code(i.e. 
                                               ^
C:/Users/Dushos_/AppData/Local/Arm/Packs/Keil/STM32F1xx_DFP/2.4.0/Device/Include\stm32f10x.h(19): warning: invalid UTF-8 in comment [-Winvalid-utf8]
  *                code will be based on direct access to peripheral<92>s registers 
                                                                    ^
C:/Users/Dushos_/AppData/Local/Arm/Packs/Keil/STM32F1xx_DFP/2.4.0/Device/Include\stm32f10x.h(26): warning: invalid UTF-8 in comment [-Winvalid-utf8]
  *           - Macros to access peripheral<92>s registers hardware
                                           ^
C:/Users/Dushos_/AppData/Local/Arm/Packs/Keil/STM32F1xx_DFP/2.4.0/Device/Include\stm32f10x.h(1296): warning: 'TIM4_BASE' macro redefined [-Wmacro-redefined]
#define TIM4_BASE             (APB1PERIPH_BASE + 0x0800)
        ^
./minimal_regs.h(24): note: previous definition is here
#define TIM4_BASE             ( (uint32_t)0x40000800 )
        ^
GPIO_CONFIG.c(3): warning: In file included from...
./combine.h(5): warning: In file included from...
C:/Users/Dushos_/AppData/Local/Arm/Packs/Keil/STM32F1xx_DFP/2.4.0/Device/Include\stm32f10x.h(1324): warning: 'GPIOB_BASE' macro redefined [-Wmacro-redefined]
#define GPIOB_BASE            (APB2PERIPH_BASE + 0x0C00)
        ^
./minimal_regs.h(17): note: previous definition is here
#define GPIOB_BASE            ( (uint32_t)0x40010C00 )
        ^
GPIO_CONFIG.c(3): warning: In file included from...
./combine.h(5): warning: In file included from...
C:/Users/Dushos_/AppData/Local/Arm/Packs/Keil/STM32F1xx_DFP/2.4.0/Device/Include\stm32f10x.h(1360): warning: 'RCC_BASE' macro redefined [-Wmacro-redefined]
#define RCC_BASE              (AHBPERIPH_BASE + 0x1000)
        ^
./minimal_regs.h(13): note: previous definition is here
#define RCC_BASE              ( (uint32_t)0x40021000 )
        ^
6 warnings generated.
compiling GPIO_CONFIG.c...
combine.c(2): warning: In file included from...
C:/Users/Dushos_/AppData/Local/Arm/Packs/Keil/STM32F1xx_DFP/2.4.0/Device/Include\stm32f10x.h(18): warning: invalid UTF-8 in comment [-Winvalid-utf8]
  *              - To use or not the peripheral<92>s drivers in application code(i.e. 
                                               ^
C:/Users/Dushos_/AppData/Local/Arm/Packs/Keil/STM32F1xx_DFP/2.4.0/Device/Include\stm32f10x.h(19): warning: invalid UTF-8 in comment [-Winvalid-utf8]
  *                code will be based on direct access to peripheral<92>s registers 
                                                                    ^
C:/Users/Dushos_/AppData/Local/Arm/Packs/Keil/STM32F1xx_DFP/2.4.0/Device/Include\stm32f10x.h(26): warning: invalid UTF-8 in comment [-Winvalid-utf8]
  *           - Macros to access peripheral<92>s registers hardware
                                           ^
combine.c(21): warning: implicit conversion loses integer precision: 'volatile uint32_t' (aka 'volatile unsigned int') to 'uint16_t' (aka 'unsigned short') [-Wimplicit-int-conversion]
        adc_value = ADC1->DR;
                  ~ ~~~~~~^~
combine.c(26): warning: implicit conversion changes signedness: 'int' to 'unsigned int' [-Wsign-conversion]
    ADC1->SR &= ~(ADC_SR_EOC);
             ~~ ^~~~~~~~~~~~~
combine.c(51): warning: mixing declarations and code is incompatible with standards before C99 [-Wdeclaration-after-statement]
        char mode_input;
             ^
6 warnings generated.
compiling combine.c...
cli_math.c(2): warning: In file included from...
C:/Users/Dushos_/AppData/Local/Arm/Packs/Keil/STM32F1xx_DFP/2.4.0/Device/Include\stm32f10x.h(18): warning: invalid UTF-8 in comment [-Winvalid-utf8]
  *              - To use or not the peripheral<92>s drivers in application code(i.e. 
                                               ^
C:/Users/Dushos_/AppData/Local/Arm/Packs/Keil/STM32F1xx_DFP/2.4.0/Device/Include\stm32f10x.h(19): warning: invalid UTF-8 in comment [-Winvalid-utf8]
  *                code will be based on direct access to peripheral<92>s registers 
                                                                    ^
C:/Users/Dushos_/AppData/Local/Arm/Packs/Keil/STM32F1xx_DFP/2.4.0/Device/Include\stm32f10x.h(26): warning: invalid UTF-8 in comment [-Winvalid-utf8]
  *           - Macros to access peripheral<92>s registers hardware
                                           ^
cli_math.c(29): warning: implicit conversion loses integer precision: 'int' to 'uint16_t' (aka 'unsigned short') [-Wimplicit-int-conversion]
                                                setpoint = atoi(input);
                                                         ~ ^~~~~~~~~~~
cli_math.c(69): warning: implicit conversion loses integer precision: 'int' to 'uint16_t' (aka 'unsigned short') [-Wimplicit-int-conversion]
                                                        TIM4->CCR2 = duty_cycle;
                                                                   ~ ^~~~~~~~~~
cli_math.c(50): warning: mixing declarations and code is incompatible with standards before C99 [-Wdeclaration-after-statement]
                                        int error = setpoint - adc_value;
                                            ^
cli_math.c(20): warning: mixing declarations and code is incompatible with standards before C99 [-Wdeclaration-after-statement]
                                                int i = 0;
                                                    ^
cli_math.c(9): warning: function 'automatic' could be declared with attribute 'noreturn' [-Wmissing-noreturn]
void automatic(void) {
                     ^
cli_math.c(116): warning: implicit conversion loses integer precision: 'int' to 'uint16_t' (aka 'unsigned short') [-Wimplicit-int-conversion]
                                                                        TIM4->CCR2 = duty_cycle;
                                                                                   ~ ^~~~~~~~~~
cli_math.c(131): warning: implicit conversion loses integer precision: 'int' to 'uint16_t' (aka 'unsigned short') [-Wimplicit-int-conversion]
                                                                        TIM4->CCR2 = duty_cycle;
                                                                                   ~ ^~~~~~~~~~
10 warnings generated.
compiling cli_math.c...
adc_config.c(2): warning: In file included from...
C:/Users/Dushos_/AppData/Local/Arm/Packs/Keil/STM32F1xx_DFP/2.4.0/Device/Include\stm32f10x.h(18): warning: invalid UTF-8 in comment [-Winvalid-utf8]
  *              - To use or not the peripheral<92>s drivers in application code(i.e. 
                                               ^
C:/Users/Dushos_/AppData/Local/Arm/Packs/Keil/STM32F1xx_DFP/2.4.0/Device/Include\stm32f10x.h(19): warning: invalid UTF-8 in comment [-Winvalid-utf8]
  *                code will be based on direct access to peripheral<92>s registers 
                                                                    ^
C:/Users/Dushos_/AppData/Local/Arm/Packs/Keil/STM32F1xx_DFP/2.4.0/Device/Include\stm32f10x.h(26): warning: invalid UTF-8 in comment [-Winvalid-utf8]
  *           - Macros to access peripheral<92>s registers hardware
                                           ^
3 warnings generated.
compiling adc_config.c...
uart.c(3): warning: In file included from...
C:/Users/Dushos_/AppData/Local/Arm/Packs/Keil/STM32F1xx_DFP/2.4.0/Device/Include\stm32f10x.h(18): warning: invalid UTF-8 in comment [-Winvalid-utf8]
  *              - To use or not the peripheral<92>s drivers in application code(i.e. 
                                               ^
C:/Users/Dushos_/AppData/Local/Arm/Packs/Keil/STM32F1xx_DFP/2.4.0/Device/Include\stm32f10x.h(19): warning: invalid UTF-8 in comment [-Winvalid-utf8]
  *                code will be based on direct access to peripheral<92>s registers 
                                                                    ^
C:/Users/Dushos_/AppData/Local/Arm/Packs/Keil/STM32F1xx_DFP/2.4.0/Device/Include\stm32f10x.h(26): warning: invalid UTF-8 in comment [-Winvalid-utf8]
  *           - Macros to access peripheral<92>s registers hardware
                                           ^
uart.c(5): warning: In file included from...
./minimal_regs.h(13): warning: 'RCC_BASE' macro redefined [-Wmacro-redefined]
#define RCC_BASE              ( (uint32_t)0x40021000 )
        ^
C:/Users/Dushos_/AppData/Local/Arm/Packs/Keil/STM32F1xx_DFP/2.4.0/Device/Include\stm32f10x.h(1360): note: previous definition is here
#define RCC_BASE              (AHBPERIPH_BASE + 0x1000)
        ^
uart.c(5): warning: In file included from...
./minimal_regs.h(17): warning: 'GPIOB_BASE' macro redefined [-Wmacro-redefined]
#define GPIOB_BASE            ( (uint32_t)0x40010C00 )
        ^
C:/Users/Dushos_/AppData/Local/Arm/Packs/Keil/STM32F1xx_DFP/2.4.0/Device/Include\stm32f10x.h(1324): note: previous definition is here
#define GPIOB_BASE            (APB2PERIPH_BASE + 0x0C00)
        ^
uart.c(5): warning: In file included from...
./minimal_regs.h(24): warning: 'TIM4_BASE' macro redefined [-Wmacro-redefined]
#define TIM4_BASE             ( (uint32_t)0x40000800 )
        ^
C:/Users/Dushos_/AppData/Local/Arm/Packs/Keil/STM32F1xx_DFP/2.4.0/Device/Include\stm32f10x.h(1296): note: previous definition is here
#define TIM4_BASE             (APB1PERIPH_BASE + 0x0800)
        ^
uart.c(18): warning: implicit conversion changes signedness: 'int' to 'unsigned int' [-Wsign-conversion]
                GPIOA->CRL &= ~(3<<12);   // Intput Mode For PA3
                           ~~ ^~~~~~~~
uart.c(74): warning: implicit conversion loses integer precision: 'volatile uint16_t' (aka 'volatile unsigned short') to 'uint8_t' (aka 'unsigned char') [-Wimplicit-int-conversion]
        temp = USART2->DR;  // Read the data. This clears the RXNE also
             ~ ~~~~~~~~^~
8 warnings generated.
compiling uart.c...
init_timer.c(5): warning: In file included from...
./combine.h(5): warning: In file included from...
C:/Users/Dushos_/AppData/Local/Arm/Packs/Keil/STM32F1xx_DFP/2.4.0/Device/Include\stm32f10x.h(18): warning: invalid UTF-8 in comment [-Winvalid-utf8]
  *              - To use or not the peripheral<92>s drivers in application code(i.e. 
                                               ^
C:/Users/Dushos_/AppData/Local/Arm/Packs/Keil/STM32F1xx_DFP/2.4.0/Device/Include\stm32f10x.h(19): warning: invalid UTF-8 in comment [-Winvalid-utf8]
  *                code will be based on direct access to peripheral<92>s registers 
                                                                    ^
C:/Users/Dushos_/AppData/Local/Arm/Packs/Keil/STM32F1xx_DFP/2.4.0/Device/Include\stm32f10x.h(26): warning: invalid UTF-8 in comment [-Winvalid-utf8]
  *           - Macros to access peripheral<92>s registers hardware
                                           ^
C:/Users/Dushos_/AppData/Local/Arm/Packs/Keil/STM32F1xx_DFP/2.4.0/Device/Include\stm32f10x.h(1296): warning: 'TIM4_BASE' macro redefined [-Wmacro-redefined]
#define TIM4_BASE             (APB1PERIPH_BASE + 0x0800)
        ^
./minimal_regs.h(24): note: previous definition is here
#define TIM4_BASE             ( (uint32_t)0x40000800 )
        ^
init_timer.c(5): warning: In file included from...
./combine.h(5): warning: In file included from...
C:/Users/Dushos_/AppData/Local/Arm/Packs/Keil/STM32F1xx_DFP/2.4.0/Device/Include\stm32f10x.h(1324): warning: 'GPIOB_BASE' macro redefined [-Wmacro-redefined]
#define GPIOB_BASE            (APB2PERIPH_BASE + 0x0C00)
        ^
./minimal_regs.h(17): note: previous definition is here
#define GPIOB_BASE            ( (uint32_t)0x40010C00 )
        ^
init_timer.c(5): warning: In file included from...
./combine.h(5): warning: In file included from...
C:/Users/Dushos_/AppData/Local/Arm/Packs/Keil/STM32F1xx_DFP/2.4.0/Device/Include\stm32f10x.h(1360): warning: 'RCC_BASE' macro redefined [-Wmacro-redefined]
#define RCC_BASE              (AHBPERIPH_BASE + 0x1000)
        ^
./minimal_regs.h(13): note: previous definition is here
#define RCC_BASE              ( (uint32_t)0x40021000 )
        ^
6 warnings generated.
compiling init_timer.c...
assembling startup_stm32f10x_md.s...
RTE/Device/STM32F103RB/system_stm32f10x.c(64): warning: In file included from...
C:/Users/Dushos_/AppData/Local/Arm/Packs/Keil/STM32F1xx_DFP/2.4.0/Device/Include\stm32f10x.h(18): warning: invalid UTF-8 in comment [-Winvalid-utf8]
  *              - To use or not the peripheral<92>s drivers in application code(i.e. 
                                               ^
C:/Users/Dushos_/AppData/Local/Arm/Packs/Keil/STM32F1xx_DFP/2.4.0/Device/Include\stm32f10x.h(19): warning: invalid UTF-8 in comment [-Winvalid-utf8]
  *                code will be based on direct access to peripheral<92>s registers 
                                                                    ^
C:/Users/Dushos_/AppData/Local/Arm/Packs/Keil/STM32F1xx_DFP/2.4.0/Device/Include\stm32f10x.h(26): warning: invalid UTF-8 in comment [-Winvalid-utf8]
  *           - Macros to access peripheral<92>s registers hardware
                                           ^
RTE/Device/STM32F103RB/system_stm32f10x.c(166): warning: no previous extern declaration for non-static variable 'AHBPrescTable' [-Wmissing-variable-declarations]
__I uint8_t AHBPrescTable[16] = {0, 0, 0, 0, 0, 0, 0, 0, 1, 2, 3, 4, 6, 7, 8, 9};
            ^
RTE/Device/STM32F103RB/system_stm32f10x.c(166): note: declare 'static' if the variable is not intended to be used outside of this translation unit
__I uint8_t AHBPrescTable[16] = {0, 0, 0, 0, 0, 0, 0, 0, 1, 2, 3, 4, 6, 7, 8, 9};
    ^
4 warnings generated.
compiling system_stm32f10x.c...
linking...
Program Size: Code=9368 RO-data=1144 RW-data=0 ZI-data=1640  
".\Objects\combine.axf" - 0 Error(s), 47 Warning(s).

<h2>Software Packages used:</h2>

Package Vendor: ARM
                http://www.keil.com/pack/ARM.CMSIS.5.9.0.pack
                ARM.CMSIS.5.9.0
                CMSIS (Common Microcontroller Software Interface Standard)
   * Component: CORE Version: 5.6.0

Package Vendor: Keil
                http://www.keil.com/pack/Keil.STM32F1xx_DFP.2.4.0.pack
                Keil.STM32F1xx_DFP.2.4.0
                STMicroelectronics STM32F1 Series Device Support, Drivers and Examples
   * Component: Startup Version: 1.0.0

<h2>Collection of Component include folders:</h2>
  ./RTE/Device/STM32F103RB
  ./RTE/_Target_1
  C:/Users/Dushos_/AppData/Local/Arm/Packs/ARM/CMSIS/5.9.0/CMSIS/Core/Include
  C:/Users/Dushos_/AppData/Local/Arm/Packs/Keil/STM32F1xx_DFP/2.4.0/Device/Include

<h2>Collection of Component Files used:</h2>

   * Component: ARM::CMSIS:CORE:5.6.0

   * Component: Keil::Device:Startup:1.0.0
      Source file:   Device/Source/ARM/startup_stm32f10x_md.s
      Include file:  RTE_Driver/Config/RTE_Device.h
      Source file:   Device/Source/ARM/STM32F1xx_OPT.s
      Source file:   Device/Source/system_stm32f10x.c
Build Time Elapsed:  00:00:01
</pre>
</body>
</html>
